
> my-project@0.1.0 test:e2e C:\Users\pc\Downloads\fluentpath-frontend
> playwright test


Running 718 tests using 6 workers

  ok   5 [desktop] › tests\e2e\app-shell.spec.ts:44:7 › App shell — desktop (1280×800) › hamburger button is hidden on desktop (1.7s)
  ok   4 [desktop] › tests\e2e\app-shell.spec.ts:18:7 › App shell — desktop (1280×800) › active link row has left-tab indicator visible (1.9s)
  ok   2 [desktop] › tests\e2e\app-shell.spec.ts:12:7 › App shell — desktop (1280×800) › sidebar shows CH avatar circle (2.1s)
  ok   3 [desktop] › tests\e2e\app-shell.spec.ts:33:7 › App shell — desktop (1280×800) › shell renders on /tableau-de-bord with sidebar and 6 nav links (2.0s)
  ok   1 [desktop] › tests\e2e\app-shell.spec.ts:49:7 › App shell — desktop (1280×800) › active state is on "Tableau de bord" when visiting /tableau-de-bord (2.1s)
  ok   6 [desktop] › tests\e2e\app-shell.spec.ts:24:7 › App shell — desktop (1280×800) › navigating tableau-de-bord→la-methode shifts active state (2.5s)
  ok  11 [desktop] › tests\e2e\app-shell.spec.ts:90:7 › App shell — mobile (375×667) › hamburger is visible and sidebar starts closed (1.1s)
  ok   9 [desktop] › tests\e2e\app-shell.spec.ts:81:7 › App shell — desktop (1280×800) › shell wraps the /tableau-de-bord page with a heading (1.1s)
  ok   8 [desktop] › tests\e2e\app-shell.spec.ts:75:7 › App shell — desktop (1280×800) › shell wraps the /profil page (1.3s)
  ok  10 [desktop] › tests\e2e\app-shell.spec.ts:100:7 › App shell — mobile (375×667) › hamburger click opens drawer with 6 nav links and backdrop (1.3s)
  ok  12 [desktop] › tests\e2e\app-shell.spec.ts:116:7 › App shell — mobile (375×667) › backdrop click closes the drawer (964ms)
  ok   7 [desktop] › tests\e2e\app-shell.spec.ts:61:7 › App shell — desktop (1280×800) › clicking "Compte" navigates to /profil and active state shifts (1.8s)
  ok  14 [desktop] › tests\e2e\app-shell.spec.ts:140:7 › App shell — mobile (375×667) › no horizontal overflow on /tableau-de-bord (788ms)
  ok  16 [desktop] › tests\e2e\auth-flow.spec.ts:5:7 › Auth flow — redirect gate › unauthenticated visitor on /dashboard is redirected to / (1.0s)
  ok  15 [desktop] › tests\e2e\app-shell.spec.ts:148:7 › App shell — mobile (375×667) › sidebar has 300ms transform transition (1.1s)
  ok  17 [desktop] › tests\e2e\auth-flow.spec.ts:10:7 › Auth flow — redirect gate › unauthenticated visitor on /la-methode is redirected to / (971ms)
  ok  18 [desktop] › tests\e2e\auth-flow.spec.ts:15:7 › Auth flow — redirect gate › unauthenticated visitor on /la-bibliotheque is redirected to / (1.0s)
  ok  13 [desktop] › tests\e2e\app-shell.spec.ts:127:7 › App shell — mobile (375×667) › clicking a nav link inside the drawer navigates and closes the drawer (1.6s)
  ok  19 [desktop] › tests\e2e\auth-flow.spec.ts:20:7 › Auth flow — redirect gate › authenticated user on /dashboard sees the app shell (1.1s)
  ok  21 [desktop] › tests\e2e\auth-flow.spec.ts:26:7 › Auth flow — redirect gate › authenticated user on /la-methode sees the app shell (861ms)
  ok  20 [desktop] › tests\e2e\auth-flow.spec.ts:32:7 › Auth flow — redirect gate › sidebar exposes a sign-out button (925ms)
  ok  22 [desktop] › tests\e2e\dashboard-greeting.spec.ts:28:7 › Dashboard greeting — BE-002 › "Bonjour" h1 is visible on /dashboard after auth injection (926ms)
  ok  24 [desktop] › tests\e2e\dashboard-greeting.spec.ts:40:7 › Dashboard greeting — BE-002 › email-verification banner is absent for verified users (893ms)
  ok  23 [desktop] › tests\e2e\dashboard-greeting.spec.ts:33:7 › Dashboard greeting — BE-002 › today's date renders below the greeting (data-testid dashboard-today) (1.1s)
  ok  25 [desktop] › tests\e2e\dashboard-greeting.spec.ts:49:7 › Dashboard greeting — email-verification banner › banner appears when user.emailVerified is false (1.0s)
  ok  26 [desktop] › tests\e2e\dashboard.spec.ts:80:7 › Dashboard — desktop (1280×800) › welcome heading and today's date render (1.1s)
  ok  27 [desktop] › tests\e2e\dashboard.spec.ts:86:7 › Dashboard — desktop (1280×800) › all 5 widget sections are visible inside the (app) shell (1.3s)
  ok  28 [desktop] › tests\e2e\dashboard.spec.ts:95:7 › Dashboard — desktop (1280×800) › countdown widget renders days remaining > 0 (1.2s)
  ok  29 [desktop] › tests\e2e\dashboard.spec.ts:103:7 › Dashboard — desktop (1280×800) › daily target widget shows static value of 1 (1.1s)
  ok  30 [desktop] › tests\e2e\dashboard.spec.ts:108:7 › Dashboard — desktop (1280×800) › streak widget resolves (0 for empty recordings) (1.2s)
  ok  31 [desktop] › tests\e2e\dashboard.spec.ts:114:7 › Dashboard — desktop (1280×800) › next lesson widget shows unlocked lesson and Reprendre CTA (1.2s)
  ok  32 [desktop] › tests\e2e\dashboard.spec.ts:121:7 › Dashboard — desktop (1280×800) › calendar widget renders the month grid (1.2s)
  ok  33 [desktop] › tests\e2e\dashboard.spec.ts:126:7 › Dashboard — desktop (1280×800) › widget cards carry ed-card-lift class (1.3s)
  ok  35 [desktop] › tests\e2e\dashboard.spec.ts:159:7 › Dashboard — mobile (375×667) › no horizontal overflow on /dashboard (1.0s)
  ok  36 [desktop] › tests\e2e\dashboard.spec.ts:166:7 › Dashboard — mobile (375×667) › stacked widgets have bottom separator border in mobile view (1.3s)
  ok  34 [desktop] › tests\e2e\dashboard.spec.ts:144:7 › Dashboard — mobile (375×667) › widgets stack vertically and remain reachable on scroll (1.5s)
  ok  38 [desktop] › tests\e2e\diagnostic-landing.spec.ts:29:7 › Le Diagnostic landing — desktop (1280×800) › shows Le Diagnostic as active in the sidebar (1.1s)
  ok  37 [desktop] › tests\e2e\diagnostic-landing.spec.ts:12:7 › Le Diagnostic landing — desktop (1280×800) › renders header, sections, 3 tâche cards, 5-couche preview, CTA inside (app) shell (1.5s)
  ok  40 [desktop] › tests\e2e\diagnostic-landing.spec.ts:45:7 › Le Diagnostic landing — desktop (1280×800) › past-score link navigates to /l-examen/diagnostic/results (983ms)
  ok  41 [desktop] › tests\e2e\diagnostic-landing.spec.ts:51:7 › Le Diagnostic landing — desktop (1280×800) › 3 tâche cards render side-by-side at desktop width (1.4s)
  ok  42 [desktop] › tests\e2e\diagnostic-landing.spec.ts:65:7 › Le Diagnostic landing — desktop (1280×800) › does not include any <audio> element (1.5s)
  ok  39 [desktop] › tests\e2e\diagnostic-landing.spec.ts:37:7 › Le Diagnostic landing — desktop (1280×800) › primary CTA navigates to /l-examen/tache/1 (2.3s)
  ok  44 [desktop] › tests\e2e\diagnostic-landing.spec.ts:79:7 › Le Diagnostic landing — desktop (1280×800) › tâche cards each have an accent bar element (1.5s)
  ok  43 [desktop] › tests\e2e\diagnostic-landing.spec.ts:72:7 › Le Diagnostic landing — desktop (1280×800) › clicking the × dismiss button removes the past-score panel (1.8s)
  ok  45 [desktop] › tests\e2e\diagnostic-landing.spec.ts:92:7 › Le Diagnostic landing — mobile (375×667) › 3 tâche cards stack vertically on mobile (1.6s)
  ok  46 [desktop] › tests\e2e\diagnostic-landing.spec.ts:104:7 › Le Diagnostic landing — mobile (375×667) › no horizontal overflow on /l-examen/diagnostic (1.3s)
  ok  47 [desktop] › tests\e2e\diagnostic-landing.spec.ts:111:7 › Le Diagnostic landing — mobile (375×667) › primary CTA remains visible on mobile (1.4s)
  ok  48 [desktop] › tests\e2e\diagnostic-results.spec.ts:12:7 › Le Diagnostic results — desktop (1280×800) › renders all sections inside the (app) shell (1.3s)
  ok  50 [desktop] › tests\e2e\diagnostic-results.spec.ts:33:7 › Le Diagnostic results — desktop (1280×800) › 5-couche breakdown shows all 5 rows (1.5s)
  ok  49 [desktop] › tests\e2e\diagnostic-results.spec.ts:25:7 › Le Diagnostic results — desktop (1280×800) › sidebar shows Le Diagnostic as active on results route (1.7s)
  ok  51 [desktop] › tests\e2e\diagnostic-results.spec.ts:38:7 › Le Diagnostic results — desktop (1280×800) › "Relire l'énoncé" for Tâche 2 links to /l-examen/tache/2 (1.6s)
  ok  54 [desktop] › tests\e2e\diagnostic-results.spec.ts:61:7 › Le Diagnostic results — desktop (1280×800) › does not contain any <audio> element (1.2s)
  ok  55 [desktop] › tests\e2e\diagnostic-results.spec.ts:66:7 › Le Diagnostic results — desktop (1280×800) › 3 recommendation rows render with their CTAs (942ms)
  ok  56 [desktop] › tests\e2e\diagnostic-results.spec.ts:71:7 › Le Diagnostic results — desktop (1280×800) › couche bars have non-zero widths 700ms after mount (1.5s)
  ok  52 [desktop] › tests\e2e\diagnostic-results.spec.ts:47:7 › Le Diagnostic results — desktop (1280×800) › "Recommencer le diagnostic" navigates to /l-examen/diagnostic/tache/1 (3.1s)
  ok  53 [desktop] › tests\e2e\diagnostic-results.spec.ts:55:7 › Le Diagnostic results — desktop (1280×800) › "Retour au tableau de bord" navigates to /tableau-de-bord (2.9s)
  ok  57 [desktop] › tests\e2e\diagnostic-results.spec.ts:80:7 › Le Diagnostic results — desktop (1280×800) › hovering a couche row reveals the gloss tooltip (2.0s)
  ok  58 [desktop] › tests\e2e\diagnostic-results.spec.ts:86:7 › Le Diagnostic results — desktop (1280×800) › CEFR pill is visible and shows "C1" (1.7s)
  ok  59 [desktop] › tests\e2e\diagnostic-results.spec.ts:93:7 › Le Diagnostic results — desktop (1280×800) › each recommendation row has a chip badge and accent CTA (1.5s)
  ok  61 [desktop] › tests\e2e\diagnostic-results.spec.ts:117:7 › Le Diagnostic results — mobile (375×667) › no horizontal overflow (716ms)
  ok  60 [desktop] › tests\e2e\diagnostic-results.spec.ts:98:7 › Le Diagnostic results — desktop (1280×800) › reduced-motion: score block animation is suppressed (1.2s)
  ok  63 [desktop] › tests\e2e\diagnostic-results.spec.ts:132:7 › Le Diagnostic results — mobile (375×667) › couche gloss sentences are visible inline without hover (902ms)
  ok  62 [desktop] › tests\e2e\diagnostic-results.spec.ts:124:7 › Le Diagnostic results — mobile (375×667) › all key sections are visible on mobile (1.0s)
  ok  65 [desktop] › tests\e2e\diagnostic-tache.spec.ts:25:7 › Le Diagnostic tâche shell — desktop (1280×800) › sidebar shows Le Diagnostic as active on tâche route (860ms)
  ok  64 [desktop] › tests\e2e\diagnostic-tache.spec.ts:12:7 › Le Diagnostic tâche shell — desktop (1280×800) › renders all elements on /l-examen/diagnostic/tache/1 (1.0s)
  ok  66 [desktop] › tests\e2e\diagnostic-tache.spec.ts:33:7 › Le Diagnostic tâche shell — desktop (1280×800) › timer initialises to 03:30 on tâche 2 (872ms)
  ok  67 [desktop] › tests\e2e\diagnostic-tache.spec.ts:38:7 › Le Diagnostic tâche shell — desktop (1280×800) › timer initialises to 05:00 on tâche 3 (843ms)
  ok  70 [desktop] › tests\e2e\diagnostic-tache.spec.ts:59:7 › Le Diagnostic tâche shell — desktop (1280×800) › /l-examen/diagnostic/tache/4 returns 404 (560ms)
  ok  69 [desktop] › tests\e2e\diagnostic-tache.spec.ts:49:7 › Le Diagnostic tâche shell — desktop (1280×800) › tâche 3 shows "Voir les résultats" linking to /l-examen/diagnostic/results (964ms)
  ok  72 [desktop] › tests\e2e\diagnostic-tache.spec.ts:83:7 › Le Diagnostic tâche shell — desktop (1280×800) › does not contain any <audio> element (776ms)
  ok  68 [desktop] › tests\e2e\diagnostic-tache.spec.ts:43:7 › Le Diagnostic tâche shell — desktop (1280×800) › "Tâche suivante" link navigates to /l-examen/diagnostic/tache/2 (1.4s)
  ok  71 [desktop] › tests\e2e\diagnostic-tache.spec.ts:64:7 › Le Diagnostic tâche shell — desktop (1280×800) › mic button cycles: Idle → Recording → Stopped (1.4s)
  ok  73 [desktop] › tests\e2e\diagnostic-tache.spec.ts:89:7 › Le Diagnostic tâche shell — desktop (1280×800) › timer display gets urgency class when running and < 60s remaining (1.3s)
  ok  74 [desktop] › tests\e2e\diagnostic-tache.spec.ts:97:7 › Le Diagnostic tâche shell — desktop (1280×800) › recording state shows 2 ripple ring elements (1.3s)
  ok  75 [desktop] › tests\e2e\diagnostic-tache.spec.ts:103:7 › Le Diagnostic tâche shell — desktop (1280×800) › ripple rings absent when prefers-reduced-motion is set (1.2s)
  ok  77 [desktop] › tests\e2e\diagnostic-tache.spec.ts:125:7 › Le Diagnostic tâche shell — mobile (375×667) › no horizontal overflow on tâche route (869ms)
  ok  76 [desktop] › tests\e2e\diagnostic-tache.spec.ts:117:7 › Le Diagnostic tâche shell — mobile (375×667) › mic button has at least 88×88px tap target on mobile (1.1s)
  ok  78 [desktop] › tests\e2e\diagnostic-tache.spec.ts:132:7 › Le Diagnostic tâche shell — mobile (375×667) › all key elements are visible on mobile (872ms)
  ok  79 [desktop] › tests\e2e\ecole-detail.spec.ts:49:7 › La Méthode lesson detail — desktop (1280×800) › renders inside the (app) shell with breadcrumb, header, audio placeholder, sections, nav (1.0s)
  ok  83 [desktop] › tests\e2e\ecole-detail.spec.ts:83:7 › La Méthode lesson detail — desktop (1280×800) › /la-methode/lecon-99 — renders Next.js 404 (615ms)
  ok  84 [desktop] › tests\e2e\ecole-detail.spec.ts:88:7 › La Méthode lesson detail — desktop (1280×800) › /la-methode/abc — renders Next.js 404 (non-numeric id) (537ms)
  ok  81 [desktop] › tests\e2e\ecole-detail.spec.ts:71:7 › La Méthode lesson detail — desktop (1280×800) › /la-methode/lecon-1 — no previous button, next links to /la-methode/lecon-2 (1.1s)
  ok  82 [desktop] › tests\e2e\ecole-detail.spec.ts:77:7 › La Méthode lesson detail — desktop (1280×800) › /la-methode/lecon-27 — no next button, prev links to /la-methode/lecon-26 (1.1s)
  ok  80 [desktop] › tests\e2e\ecole-detail.spec.ts:65:7 › La Méthode lesson detail — desktop (1280×800) › clicking next on /la-methode/lecon-3 navigates to /la-methode/lecon-4 (1.5s)
  ok  86 [desktop] › tests\e2e\ecole-detail.spec.ts:111:7 › La Méthode lesson detail — desktop (1280×800) › audio player shows 15 waveform bars on /la-methode/lecon-3 (1.0s)
  ok  87 [desktop] › tests\e2e\ecole-detail.spec.ts:116:7 › La Méthode lesson detail — desktop (1280×800) › ArrowRight on /la-methode/lecon-3 navigates to /la-methode/lecon-4 (1.2s)
  ok  89 [desktop] › tests\e2e\ecole-detail.spec.ts:130:7 › La Méthode lesson detail — desktop (1280×800) › ArrowLeft on /la-methode/lecon-1 does not navigate away (boundary guard) (1.1s)
  ok  88 [desktop] › tests\e2e\ecole-detail.spec.ts:123:7 › La Méthode lesson detail — desktop (1280×800) › ArrowLeft on /la-methode/lecon-3 navigates to /la-methode/lecon-2 (1.2s)
  ok  90 [desktop] › tests\e2e\ecole-detail.spec.ts:141:7 › La Méthode lesson detail — mobile (375×667) › renders /la-methode/lecon-3 with audio placeholder full-width and content stacked (1.2s)
  ok  85 [desktop] › tests\e2e\ecole-detail.spec.ts:93:7 › La Méthode lesson detail — desktop (1280×800) › lesson card #5 on /ecole resolves to /la-methode/lecon-5 detail page (2.0s)
  ok  91 [desktop] › tests\e2e\ecole-detail.spec.ts:150:7 › La Méthode lesson detail — mobile (375×667) › no horizontal overflow on /la-methode/lecon-3 (926ms)
  ok  93 [desktop] › tests\e2e\ecole-list.spec.ts:46:7 › La Méthode lesson list — desktop (1280×800) › shows La Méthode as active in the sidebar (982ms)
  ok  92 [desktop] › tests\e2e\ecole-list.spec.ts:39:7 › La Méthode lesson list — desktop (1280×800) › renders page header inside the (app) shell (1.1s)
  ok  94 [desktop] › tests\e2e\ecole-list.spec.ts:54:7 › La Méthode lesson list — desktop (1280×800) › Fondations section has exactly 16 cards in numerical order (1.2s)
  ok  95 [desktop] › tests\e2e\ecole-list.spec.ts:63:7 › La Méthode lesson list — desktop (1280×800) › Approfondissement section has exactly 11 cards (17–27) (1.0s)
  ok  96 [desktop] › tests\e2e\ecole-list.spec.ts:72:7 › La Méthode lesson list — desktop (1280×800) › clicking lesson card #5 navigates to /la-methode/lecon-5 (1.6s)
  ok  97 [desktop] › tests\e2e\ecole-list.spec.ts:79:7 › La Méthode lesson list — desktop (1280×800) › lessons 1–3 show Terminée badge (1.4s)
  ok  98 [desktop] › tests\e2e\ecole-list.spec.ts:89:7 › La Méthode lesson list — desktop (1280×800) › lesson 4 shows Disponible badge (1.1s)
  ok  99 [desktop] › tests\e2e\ecole-list.spec.ts:97:7 › La Méthode lesson list — desktop (1280×800) › lesson 7 shows Verrouillée badge with lock icon (1.2s)
  ok 100 [desktop] › tests\e2e\ecole-list.spec.ts:104:7 › La Méthode lesson list — desktop (1280×800) › available card (lesson 4) has ed-card-lift class (1.1s)
  ok 101 [desktop] › tests\e2e\ecole-list.spec.ts:111:7 › La Méthode lesson list — desktop (1280×800) › locked card (lesson 7) does not have ed-card-lift class (1.2s)
  ok 103 [desktop] › tests\e2e\ecole-list.spec.ts:130:7 › La Méthode lesson list — mobile (375×667) › no horizontal overflow on /la-methode (839ms)
  ok 104 [desktop] › tests\e2e\landing-demo.spec.ts:6:7 › Landing demo — desktop (1280×800) › demo section heading is visible after scroll (1.1s)
  ok 102 [desktop] › tests\e2e\ecole-list.spec.ts:122:7 › La Méthode lesson list — mobile (375×667) › all 27 cards rendered and reachable on scroll (1.4s)
  ok 105 [desktop] › tests\e2e\landing-demo.spec.ts:13:7 › Landing demo — desktop (1280×800) › primary recording surface is visible (1.1s)
  ok 106 [desktop] › tests\e2e\landing-demo.spec.ts:20:7 › Landing demo — desktop (1280×800) › secondary score card is visible on desktop (1.1s)
  ok 108 [desktop] › tests\e2e\landing-demo.spec.ts:48:7 › Landing demo — mobile (375×667) › no horizontal overflow (1.1s)
  ok 110 [desktop] › tests\e2e\landing-demo.spec.ts:62:7 › Landing demo — mobile (375×667) › secondary score card is hidden on mobile (858ms)
  ok 109 [desktop] › tests\e2e\landing-demo.spec.ts:55:7 › Landing demo — mobile (375×667) › primary recording surface is visible on mobile scroll (1.2s)
  ok 107 [desktop] › tests\e2e\landing-demo.spec.ts:29:7 › Landing demo — desktop (1280×800) › demo block animates to translateY(0) after scroll entry (2.0s)
  ok 111 [desktop] › tests\e2e\landing-footer.spec.ts:6:7 › Landing footer — desktop (1280×800) › footer renders with 3 link columns (1.1s)
  ok 117 [desktop] › tests\e2e\landing-hero.spec.ts:6:7 › Landing hero — desktop (1280×800) › headline and CTA are above the fold (967ms)
  ok 114 [desktop] › tests\e2e\landing-footer.spec.ts:30:7 › Landing footer — desktop (1280×800) › sticky header is visible after scrolling to bottom (1.2s)
  ok 116 [desktop] › tests\e2e\landing-footer.spec.ts:47:7 › Landing footer — mobile (375×667) › sticky header is visible on load (1.0s)
  ok 112 [desktop] › tests\e2e\landing-footer.spec.ts:14:7 › Landing footer — desktop (1280×800) › Mentions légales link navigates to /mentions-legales (2.2s)
  ok 113 [desktop] › tests\e2e\landing-footer.spec.ts:22:7 › Landing footer — desktop (1280×800) › Politique de confidentialité link navigates to /confidentialite (1.6s)
  ok 115 [desktop] › tests\e2e\landing-footer.spec.ts:40:7 › Landing footer — mobile (375×667) › footer is visible (1.2s)
  ok 119 [desktop] › tests\e2e\landing-hero.spec.ts:21:7 › Landing hero — desktop (1280×800) › hero subheadline is visible (923ms)
  ok 121 [desktop] › tests\e2e\landing-hero.spec.ts:48:7 › Landing hero — mobile (375×667) › no horizontal overflow (1.0s)
  ok 118 [desktop] › tests\e2e\landing-hero.spec.ts:13:7 › Landing hero — desktop (1280×800) › CTA navigates to /method (1.2s)
  ok 122 [desktop] › tests\e2e\landing-hero.spec.ts:55:7 › Landing hero — mobile (375×667) › headline and CTA visible (1.2s)
  ok 123 [desktop] › tests\e2e\landing-hero.spec.ts:62:7 › Landing hero — mobile (375×667) › CTA tap target is at least 44px tall (1.4s)
  ok 124 [desktop] › tests\e2e\landing-hero.spec.ts:72:7 › Landing hero — mobile (375×667) › hero subheadline is visible on mobile (984ms)
  ok 126 [desktop] › tests\e2e\landing-methodology.spec.ts:21:7 › Landing methodology — desktop (1280×800) › five layers render in correct order (1.1s)
  ok 125 [desktop] › tests\e2e\landing-methodology.spec.ts:14:7 › Landing methodology — desktop (1280×800) › section heading is present (1.2s)
  ok 131 [desktop] › tests\e2e\landing-methodology.spec.ts:93:7 › Landing methodology — mobile (375×667) › no horizontal overflow (719ms)
  ok 130 [desktop] › tests\e2e\landing-methodology.spec.ts:81:7 › Landing methodology — desktop (1280×800) › CTA navigates to /method (1.2s)
  ok 127 [desktop] › tests\e2e\landing-methodology.spec.ts:31:7 › Landing methodology — desktop (1280×800) › each layer has a left-border accent (≥3px) (2.3s)
  ok 129 [desktop] › tests\e2e\landing-methodology.spec.ts:65:7 › Landing methodology — desktop (1280×800) › no hover lift under reduced-motion (1.9s)
  ok 128 [desktop] › tests\e2e\landing-methodology.spec.ts:47:7 › Landing methodology — desktop (1280×800) › layer gains translateY(-2px) on hover (ed-card-lift) (2.3s)
  ok 134 [desktop] › tests\e2e\landing-persona.spec.ts:36:7 › PersonaMatch section — desktop (1280×800) › section h2 is visible after scrolling (835ms)
  ok 133 [desktop] › tests\e2e\landing-persona.spec.ts:6:7 › PersonaMatch section — desktop (1280×800) › three columns render side-by-side (1.4s)
  ok 135 [desktop] › tests\e2e\landing-persona.spec.ts:44:7 › PersonaMatch section — desktop (1280×800) › persona icons 1-3 are visible after scrolling (1.3s)
  ok 136 [desktop] › tests\e2e\landing-persona.spec.ts:54:7 › PersonaMatch section — desktop (1280×800) › persona columns visible at full opacity under reduced-motion (1.4s)
  ok 132 [desktop] › tests\e2e\landing-methodology.spec.ts:100:7 › Landing methodology — mobile (375×667) › all five layer names visible on scroll (2.3s)
  ok 137 [desktop] › tests\e2e\landing-persona.spec.ts:72:7 › PersonaMatch section — mobile (375×667) › columns stack vertically (1.0s)
  ok 138 [desktop] › tests\e2e\landing-pricing.spec.ts:6:7 › Landing pricing — desktop (1280×800) › five tier cards render (1.2s)
  x  120 [desktop] › tests\e2e\landing-hero.spec.ts:30:7 › Landing hero — desktop (1280×800) › header gains solid background after scrolling 80px (6.1s)
  ok 139 [desktop] › tests\e2e\landing-pricing.spec.ts:13:7 › Landing pricing — desktop (1280×800) › Daily Bundle is highlighted as Most popular (1.1s)
  ok 141 [desktop] › tests\e2e\landing-pricing.spec.ts:38:7 › Landing pricing — desktop (1280×800) › footer social links are present (1.3s)
  ok 140 [desktop] › tests\e2e\landing-pricing.spec.ts:22:7 › Landing pricing — desktop (1280×800) › Daily Bundle card gains translateY(-2px) on hover (1.8s)
  ok 145 [desktop] › tests\e2e\layout.spec.ts:12:7 › PWA + layout meta › manifest.json is reachable and returns valid JSON (527ms)
  ok 143 [desktop] › tests\e2e\landing-pricing.spec.ts:60:7 › Landing pricing — mobile (375×667) › no horizontal overflow (1.3s)
  ok 142 [desktop] › tests\e2e\landing-pricing.spec.ts:47:7 › Landing pricing — desktop (1280×800) › Daily Bundle CTA navigates to /inscription?tier=daily-bundle (1.9s)
  ok 144 [desktop] › tests\e2e\layout.spec.ts:4:7 › PWA + layout meta › manifest link is present in <head> (1.3s)
Auditing 48 routes...
  → /
  ok 148 [desktop] › tests\e2e\layout.spec.ts:40:7 › PWA + layout meta › icon-192.png is reachable (281ms)
  ok 146 [desktop] › tests\e2e\layout.spec.ts:23:7 › PWA + layout meta › theme-color meta tag is present (750ms)
  ok 147 [desktop] › tests\e2e\layout.spec.ts:32:7 › PWA + layout meta › viewport meta includes viewport-fit=cover (808ms)
  ok 152 [desktop] › tests\e2e\m2-font-audit.spec.ts:22:7 › m2-fonts capture dashboard (2.1s)
  ok 151 [desktop] › tests\e2e\m2-font-audit.spec.ts:22:7 › m2-fonts capture home (2.4s)
  ok 153 [desktop] › tests\e2e\m2-font-audit.spec.ts:22:7 › m2-fonts capture la-methode (1.8s)
  ok 149 [desktop] › tests\e2e\layout.spec.ts:45:7 › PWA + layout meta › icon-512.png is reachable (2.9s)
     state=complete http=200 errors=2
  → /library
  ok 154 [desktop] › tests\e2e\landing-pricing.spec.ts:67:7 › Landing pricing — mobile (375×667) › all five tier cards visible on scroll (2.0s)
  ok 158 [desktop] › tests\e2e\reduced-motion.spec.ts:32:7 › reduced-motion: no horizontal overflow on / (1.4s)
  ok 155 [desktop] › tests\e2e\m2-font-audit.spec.ts:22:7 › m2-fonts capture la-bibliotheque (1.8s)
  ok 157 [desktop] › tests\e2e\m2-font-audit.spec.ts:22:7 › m2-fonts capture lesson-detail (1.7s)
  ok 156 [desktop] › tests\e2e\m2-font-audit.spec.ts:22:7 › m2-fonts capture l-examen (1.8s)
  ok 159 [desktop] › tests\e2e\reduced-motion.spec.ts:32:7 › reduced-motion: no horizontal overflow on /l-examen/diagnostic/results (846ms)
  ok 160 [desktop] › tests\e2e\reduced-motion.spec.ts:32:7 › reduced-motion: no horizontal overflow on /dashboard (865ms)
  ok 162 [desktop] › tests\e2e\reduced-motion.spec.ts:32:7 › reduced-motion: no horizontal overflow on /la-methode (841ms)
  ok 161 [desktop] › tests\e2e\reduced-motion.spec.ts:32:7 › reduced-motion: no horizontal overflow on /la-bibliotheque (929ms)
  ok 163 [desktop] › tests\e2e\reduced-motion.spec.ts:32:7 › reduced-motion: no horizontal overflow on /paywall (1.1s)
  ok 164 [desktop] › tests\e2e\reduced-motion.spec.ts:32:7 › reduced-motion: no horizontal overflow on /l-examen/diagnostic/tache/1 (779ms)
     state=complete http=200 errors=1
  → /login
  ok 166 [desktop] › tests\e2e\reduced-motion.spec.ts:32:7 › reduced-motion: no horizontal overflow on /la-methode/lecon-1 (786ms)
  ok 167 [desktop] › tests\e2e\reduced-motion.spec.ts:32:7 › reduced-motion: no horizontal overflow on /la-bibliotheque/practice (836ms)
  ok 165 [desktop] › tests\e2e\reduced-motion.spec.ts:57:5 › reduced-motion: ed-hero-rise elements have no animation on / (1.0s)
  ok 168 [desktop] › tests\e2e\reduced-motion.spec.ts:43:5 › reduced-motion: results-score-block animation is suppressed on /l-examen/diagnostic/results (993ms)
  ok 170 [desktop] › tests\e2e\signup-flow.spec.ts:23:7 › Signup form — desktop (1280×800) › submit button is disabled with empty form (1.2s)
  ok 169 [desktop] › tests\e2e\signup-flow.spec.ts:16:7 › Signup form — desktop (1280×800) › form renders with email, password, confirm-password fields (1.4s)
  ok 171 [desktop] › tests\e2e\signup-flow.spec.ts:28:7 › Signup form — desktop (1280×800) › email error shows after blurring empty field (1.3s)
  ok 172 [desktop] › tests\e2e\reduced-motion.spec.ts:73:5 › reduced-motion: CSS transitions are instant on score block (1.2s)
  ok 173 [desktop] › tests\e2e\signup-flow.spec.ts:35:7 › Signup form — desktop (1280×800) › password error shows when too short and blurred (1.4s)
     state=complete http=200 errors=1
  → /method
  ok 174 [desktop] › tests\e2e\signup-flow.spec.ts:42:7 › Signup form — desktop (1280×800) › confirm-password mismatch error shows on blur (1.1s)
  ok 175 [desktop] › tests\e2e\signup-flow.spec.ts:50:7 › Signup form — desktop (1280×800) › tier label shows from ?tier query param (1.1s)
  ok 177 [desktop] › tests\e2e\signup-flow.spec.ts:67:7 › Signup form — desktop (1280×800) › password strength segments update as password length increases (1.3s)
  ok 176 [desktop] › tests\e2e\signup-flow.spec.ts:55:7 › Signup form — desktop (1280×800) › valid form submission navigates to /onboarding (1.6s)
  ok 179 [desktop] › tests\e2e\signup-flow.spec.ts:97:7 › Signup form — mobile (375×667) › no horizontal overflow (944ms)
  ok 178 [desktop] › tests\e2e\signup-flow.spec.ts:81:7 › Signup form — desktop (1280×800) › submit shows spinner then navigates to /onboarding (1.7s)
  ok 180 [desktop] › tests\e2e\signup-flow.spec.ts:104:7 › Signup form — mobile (375×667) › inputs are at least 44px tall (1.1s)
  ok 182 [desktop] › tests\e2e\t5-dark-mode-gallery.spec.ts:84:11 › t5 dark mode gallery › [light] /login @ 375px (820ms)
     state=complete http=200 errors=1
  → /more
  ok 181 [desktop] › tests\e2e\t5-dark-mode-gallery.spec.ts:84:11 › t5 dark mode gallery › [light] / @ 1440px (1.5s)
  ok 184 [desktop] › tests\e2e\t5-dark-mode-gallery.spec.ts:84:11 › t5 dark mode gallery › [light] /l-examen @ 375px (966ms)
  ok 183 [desktop] › tests\e2e\t5-dark-mode-gallery.spec.ts:84:11 › t5 dark mode gallery › [light] /cgv @ 1440px (1.2s)
  ok 186 [desktop] › tests\e2e\t5-dark-mode-gallery.spec.ts:94:11 › t5 dark mode gallery › [dark] /login @ 375px (943ms)
  ok 185 [desktop] › tests\e2e\t5-dark-mode-gallery.spec.ts:84:11 › t5 dark mode gallery › [light] /la-bibliotheque/practice @ 1440px (1.2s)
  ok 188 [desktop] › tests\e2e\t5-dark-mode-gallery.spec.ts:94:11 › t5 dark mode gallery › [dark] /l-examen @ 375px (1.3s)
     state=complete http=200 errors=1
  → /password-reset
  ok 189 [desktop] › tests\e2e\t5-dark-mode-gallery.spec.ts:94:11 › t5 dark mode gallery › [dark] /cgv @ 1440px (1.5s)
  ok 187 [desktop] › tests\e2e\t5-dark-mode-gallery.spec.ts:94:11 › t5 dark mode gallery › [dark] / @ 1440px (1.9s)
  ok 191 [desktop] › tests\e2e\t5-dark-mode-gallery.spec.ts:94:11 › t5 dark mode gallery › [dark] /la-bibliotheque/practice @ 1440px (1.9s)
  ok 190 [desktop] › tests\e2e\t5-dark-mode-gallery.spec.ts:84:11 › t5 dark mode gallery › [light] /paywall @ 1440px (2.3s)
  ok 193 [desktop] › tests\e2e\t5-dark-mode-gallery.spec.ts:84:11 › t5 dark mode gallery › [light] /cgv @ 375px (1.7s)
  ok 194 [desktop] › tests\e2e\t5-dark-mode-gallery.spec.ts:84:11 › t5 dark mode gallery › [light] / @ 375px (1.6s)
  ok 192 [desktop] › tests\e2e\t5-dark-mode-gallery.spec.ts:84:11 › t5 dark mode gallery › [light] /l-examen/diagnostic/results @ 1440px (2.2s)
  ok 195 [desktop] › tests\e2e\t5-dark-mode-gallery.spec.ts:84:11 › t5 dark mode gallery › [light] /la-bibliotheque/practice @ 375px (1.3s)
     state=complete http=200 errors=1
  → /paywall
  ok 197 [desktop] › tests\e2e\t5-dark-mode-gallery.spec.ts:94:11 › t5 dark mode gallery › [dark] /cgv @ 375px (1.3s)
  ok 196 [desktop] › tests\e2e\t5-dark-mode-gallery.spec.ts:94:11 › t5 dark mode gallery › [dark] /paywall @ 1440px (2.1s)
  ok 198 [desktop] › tests\e2e\t5-dark-mode-gallery.spec.ts:94:11 › t5 dark mode gallery › [dark] / @ 375px (1.5s)
  ok 200 [desktop] › tests\e2e\t5-dark-mode-gallery.spec.ts:94:11 › t5 dark mode gallery › [dark] /la-bibliotheque/practice @ 375px (1.4s)
  ok 199 [desktop] › tests\e2e\t5-dark-mode-gallery.spec.ts:94:11 › t5 dark mode gallery › [dark] /l-examen/diagnostic/results @ 1440px (1.9s)
  ok 204 [desktop] › tests\e2e\t5-dark-mode-gallery.spec.ts:84:11 › t5 dark mode gallery › [light] /la-bibliotheque/test @ 1440px (1.2s)
  ok 202 [desktop] › tests\e2e\t5-dark-mode-gallery.spec.ts:84:11 › t5 dark mode gallery › [light] /paywall @ 375px (1.7s)
  ok 201 [desktop] › tests\e2e\t5-dark-mode-gallery.spec.ts:84:11 › t5 dark mode gallery › [light] /refund @ 1440px (1.7s)
  ok 203 [desktop] › tests\e2e\t5-dark-mode-gallery.spec.ts:84:11 › t5 dark mode gallery › [light] /fr @ 1440px (1.6s)
  ok 205 [desktop] › tests\e2e\t5-dark-mode-gallery.spec.ts:84:11 › t5 dark mode gallery › [light] /l-examen/diagnostic/results @ 375px (1.4s)
     state=complete http=200 errors=1
  → /privacy
  ok 206 [desktop] › tests\e2e\t5-dark-mode-gallery.spec.ts:94:11 › t5 dark mode gallery › [dark] /la-bibliotheque/test @ 1440px (1.5s)
  ok 207 [desktop] › tests\e2e\t5-dark-mode-gallery.spec.ts:94:11 › t5 dark mode gallery › [dark] /paywall @ 375px (1.5s)
  ok 208 [desktop] › tests\e2e\t5-dark-mode-gallery.spec.ts:94:11 › t5 dark mode gallery › [dark] /refund @ 1440px (1.6s)
  ok 210 [desktop] › tests\e2e\t5-dark-mode-gallery.spec.ts:94:11 › t5 dark mode gallery › [dark] /l-examen/diagnostic/results @ 375px (1.2s)
  ok 209 [desktop] › tests\e2e\t5-dark-mode-gallery.spec.ts:94:11 › t5 dark mode gallery › [dark] /fr @ 1440px (2.2s)
  ok 211 [desktop] › tests\e2e\t5-dark-mode-gallery.spec.ts:84:11 › t5 dark mode gallery › [light] /la-bibliotheque/test @ 375px (1.2s)
  ok 212 [desktop] › tests\e2e\t5-dark-mode-gallery.spec.ts:84:11 › t5 dark mode gallery › [light] /onboarding @ 1440px (1.2s)
  ok 213 [desktop] › tests\e2e\t5-dark-mode-gallery.spec.ts:84:11 › t5 dark mode gallery › [light] /refund @ 375px (1.3s)
  ok 214 [desktop] › tests\e2e\t5-dark-mode-gallery.spec.ts:84:11 › t5 dark mode gallery › [light] /l-examen/diagnostic/tache/1 @ 1440px (1.3s)
  ok 215 [desktop] › tests\e2e\t5-dark-mode-gallery.spec.ts:84:11 › t5 dark mode gallery › [light] /fr @ 375px (1.5s)
  ok 217 [desktop] › tests\e2e\t5-dark-mode-gallery.spec.ts:94:11 › t5 dark mode gallery › [dark] /onboarding @ 1440px (1.1s)
  ok 216 [desktop] › tests\e2e\t5-dark-mode-gallery.spec.ts:94:11 › t5 dark mode gallery › [dark] /la-bibliotheque/test @ 375px (1.3s)
  ok 218 [desktop] › tests\e2e\t5-dark-mode-gallery.spec.ts:94:11 › t5 dark mode gallery › [dark] /refund @ 375px (1.6s)
  ok 221 [desktop] › tests\e2e\t5-dark-mode-gallery.spec.ts:84:11 › t5 dark mode gallery › [light] /onboarding @ 375px (880ms)
     state=complete http=200 errors=1
  → /profile
  ok 219 [desktop] › tests\e2e\t5-dark-mode-gallery.spec.ts:94:11 › t5 dark mode gallery › [dark] /l-examen/diagnostic/tache/1 @ 1440px (1.7s)
  ok 220 [desktop] › tests\e2e\t5-dark-mode-gallery.spec.ts:94:11 › t5 dark mode gallery › [dark] /fr @ 375px (1.3s)
  ok 222 [desktop] › tests\e2e\t5-dark-mode-gallery.spec.ts:84:11 › t5 dark mode gallery › [light] /l-examen/expression-orale @ 1440px (1.6s)
  ok 223 [desktop] › tests\e2e\t5-dark-mode-gallery.spec.ts:84:11 › t5 dark mode gallery › [light] /dashboard @ 1440px (1.7s)
  ok 224 [desktop] › tests\e2e\t5-dark-mode-gallery.spec.ts:94:11 › t5 dark mode gallery › [dark] /onboarding @ 375px (1.6s)
  ok 225 [desktop] › tests\e2e\t5-dark-mode-gallery.spec.ts:84:11 › t5 dark mode gallery › [light] /l-examen/diagnostic/tache/1 @ 375px (1.8s)
     state=complete http=200 errors=1
  → /progress
  ok 229 [desktop] › tests\e2e\t5-dark-mode-gallery.spec.ts:84:11 › t5 dark mode gallery › [light] /method @ 1440px (1.4s)
  ok 226 [desktop] › tests\e2e\t5-dark-mode-gallery.spec.ts:84:11 › t5 dark mode gallery › [light] /fr/library @ 1440px (2.8s)
  ok 227 [desktop] › tests\e2e\t5-dark-mode-gallery.spec.ts:94:11 › t5 dark mode gallery › [dark] /l-examen/expression-orale @ 1440px (2.7s)
  ok 228 [desktop] › tests\e2e\t5-dark-mode-gallery.spec.ts:94:11 › t5 dark mode gallery › [dark] /dashboard @ 1440px (2.2s)
  ok 230 [desktop] › tests\e2e\t5-dark-mode-gallery.spec.ts:94:11 › t5 dark mode gallery › [dark] /l-examen/diagnostic/tache/1 @ 375px (2.5s)
  ok 231 [desktop] › tests\e2e\t5-dark-mode-gallery.spec.ts:94:11 › t5 dark mode gallery › [dark] /method @ 1440px (1.8s)
  ok 232 [desktop] › tests\e2e\t5-dark-mode-gallery.spec.ts:94:11 › t5 dark mode gallery › [dark] /fr/library @ 1440px (2.6s)
  ok 233 [desktop] › tests\e2e\t5-dark-mode-gallery.spec.ts:84:11 › t5 dark mode gallery › [light] /l-examen/expression-orale @ 375px (2.5s)
  ok 234 [desktop] › tests\e2e\t5-dark-mode-gallery.spec.ts:84:11 › t5 dark mode gallery › [light] /dashboard @ 375px (2.3s)
  ok 236 [desktop] › tests\e2e\t5-dark-mode-gallery.spec.ts:84:11 › t5 dark mode gallery › [light] /method @ 375px (1.6s)
  ok 235 [desktop] › tests\e2e\t5-dark-mode-gallery.spec.ts:84:11 › t5 dark mode gallery › [light] /l-examen/diagnostic/tache/2 @ 1440px (2.5s)
     state=complete http=200 errors=1
  → /refund
  ok 237 [desktop] › tests\e2e\t5-dark-mode-gallery.spec.ts:84:11 › t5 dark mode gallery › [light] /fr/library @ 375px (1.7s)
  ok 240 [desktop] › tests\e2e\t5-dark-mode-gallery.spec.ts:94:11 › t5 dark mode gallery › [dark] /method @ 375px (1.2s)
  ok 239 [desktop] › tests\e2e\t5-dark-mode-gallery.spec.ts:94:11 › t5 dark mode gallery › [dark] /dashboard @ 375px (1.8s)
  ok 238 [desktop] › tests\e2e\t5-dark-mode-gallery.spec.ts:94:11 › t5 dark mode gallery › [dark] /l-examen/expression-orale @ 375px (1.9s)
  ok 241 [desktop] › tests\e2e\t5-dark-mode-gallery.spec.ts:94:11 › t5 dark mode gallery › [dark] /l-examen/diagnostic/tache/2 @ 1440px (2.1s)
  ok 242 [desktop] › tests\e2e\t5-dark-mode-gallery.spec.ts:94:11 › t5 dark mode gallery › [dark] /fr/library @ 375px (1.5s)
  ok 244 [desktop] › tests\e2e\t5-dark-mode-gallery.spec.ts:84:11 › t5 dark mode gallery › [light] /la-methode @ 1440px (1.6s)
  ok 243 [desktop] › tests\e2e\t5-dark-mode-gallery.spec.ts:84:11 › t5 dark mode gallery › [light] /mentions-legales @ 1440px (2.4s)
  ok 246 [desktop] › tests\e2e\t5-dark-mode-gallery.spec.ts:84:11 › t5 dark mode gallery › [light] /l-examen/diagnostic/tache/2 @ 375px (1.3s)
  ok 245 [desktop] › tests\e2e\t5-dark-mode-gallery.spec.ts:84:11 › t5 dark mode gallery › [light] /l-examen/expression-orale/tache-1 @ 1440px (2.4s)
  ok 247 [desktop] › tests\e2e\t5-dark-mode-gallery.spec.ts:84:11 › t5 dark mode gallery › [light] /library @ 1440px (1.4s)
     state=complete http=200 errors=1
  → /signup
  ok 248 [desktop] › tests\e2e\t5-dark-mode-gallery.spec.ts:94:11 › t5 dark mode gallery › [dark] /la-methode @ 1440px (2.0s)
  ok 250 [desktop] › tests\e2e\t5-dark-mode-gallery.spec.ts:94:11 › t5 dark mode gallery › [dark] /l-examen/diagnostic/tache/2 @ 375px (1.7s)
  ok 251 [desktop] › tests\e2e\t5-dark-mode-gallery.spec.ts:94:11 › t5 dark mode gallery › [dark] /l-examen/expression-orale/tache-1 @ 1440px (1.9s)
  ok 252 [desktop] › tests\e2e\t5-dark-mode-gallery.spec.ts:94:11 › t5 dark mode gallery › [dark] /library @ 1440px (1.9s)
  ok 249 [desktop] › tests\e2e\t5-dark-mode-gallery.spec.ts:94:11 › t5 dark mode gallery › [dark] /mentions-legales @ 1440px (2.9s)
  ok 253 [desktop] › tests\e2e\t5-dark-mode-gallery.spec.ts:84:11 › t5 dark mode gallery › [light] /la-methode @ 375px (2.2s)
  ok 255 [desktop] › tests\e2e\t5-dark-mode-gallery.spec.ts:84:11 › t5 dark mode gallery › [light] /l-examen/expression-orale/tache-1 @ 375px (1.9s)
  ok 256 [desktop] › tests\e2e\t5-dark-mode-gallery.spec.ts:84:11 › t5 dark mode gallery › [light] /library @ 375px (1.8s)
  ok 254 [desktop] › tests\e2e\t5-dark-mode-gallery.spec.ts:84:11 › t5 dark mode gallery › [light] /l-examen/diagnostic/tache/3 @ 1440px (2.4s)
     state=complete http=200 errors=1
  → /terms
  ok 257 [desktop] › tests\e2e\t5-dark-mode-gallery.spec.ts:84:11 › t5 dark mode gallery › [light] /mentions-legales @ 375px (2.3s)
  ok 258 [desktop] › tests\e2e\t5-dark-mode-gallery.spec.ts:94:11 › t5 dark mode gallery › [dark] /la-methode @ 375px (1.8s)
  ok 259 [desktop] › tests\e2e\t5-dark-mode-gallery.spec.ts:94:11 › t5 dark mode gallery › [dark] /l-examen/expression-orale/tache-1 @ 375px (2.0s)
  ok 260 [desktop] › tests\e2e\t5-dark-mode-gallery.spec.ts:94:11 › t5 dark mode gallery › [dark] /library @ 375px (2.0s)
  ok 261 [desktop] › tests\e2e\t5-dark-mode-gallery.spec.ts:94:11 › t5 dark mode gallery › [dark] /l-examen/diagnostic/tache/3 @ 1440px (2.5s)
  ok 262 [desktop] › tests\e2e\t5-dark-mode-gallery.spec.ts:94:11 › t5 dark mode gallery › [dark] /mentions-legales @ 375px (2.5s)
  ok 263 [desktop] › tests\e2e\t5-dark-mode-gallery.spec.ts:84:11 › t5 dark mode gallery › [light] /la-methode/intro @ 1440px (2.7s)
  ok 265 [desktop] › tests\e2e\t5-dark-mode-gallery.spec.ts:84:11 › t5 dark mode gallery › [light] /signup @ 1440px (2.1s)
  ok 266 [desktop] › tests\e2e\t5-dark-mode-gallery.spec.ts:84:11 › t5 dark mode gallery › [light] /l-examen/diagnostic/tache/3 @ 375px (1.5s)
  ok 264 [desktop] › tests\e2e\t5-dark-mode-gallery.spec.ts:84:11 › t5 dark mode gallery › [light] /l-examen/expression-orale/tache-2 @ 1440px (2.7s)
     state=complete http=200 errors=1
  → /verify-email
  ok 270 [desktop] › tests\e2e\t5-dark-mode-gallery.spec.ts:94:11 › t5 dark mode gallery › [dark] /l-examen/diagnostic/tache/3 @ 375px (2.9s)
  ok 269 [desktop] › tests\e2e\t5-dark-mode-gallery.spec.ts:94:11 › t5 dark mode gallery › [dark] /signup @ 1440px (2.9s)
  ok 267 [desktop] › tests\e2e\t5-dark-mode-gallery.spec.ts:84:11 › t5 dark mode gallery › [light] /confidentialite @ 1440px (3.5s)
  ok 271 [desktop] › tests\e2e\t5-dark-mode-gallery.spec.ts:94:11 › t5 dark mode gallery › [dark] /l-examen/expression-orale/tache-2 @ 1440px (3.0s)
  ok 268 [desktop] › tests\e2e\t5-dark-mode-gallery.spec.ts:94:11 › t5 dark mode gallery › [dark] /la-methode/intro @ 1440px (4.8s)
  ok 273 [desktop] › tests\e2e\t5-dark-mode-gallery.spec.ts:84:11 › t5 dark mode gallery › [light] /signup @ 375px (2.7s)
  ok 272 [desktop] › tests\e2e\t5-dark-mode-gallery.spec.ts:84:11 › t5 dark mode gallery › [light] /la-bibliotheque @ 1440px (2.7s)
  ok 275 [desktop] › tests\e2e\t5-dark-mode-gallery.spec.ts:84:11 › t5 dark mode gallery › [light] /l-examen/expression-orale/tache-2 @ 375px (2.4s)
  ok 274 [desktop] › tests\e2e\t5-dark-mode-gallery.spec.ts:94:11 › t5 dark mode gallery › [dark] /confidentialite @ 1440px (3.4s)
     state=partial http=200 errors=1
  → /account
  ok 276 [desktop] › tests\e2e\t5-dark-mode-gallery.spec.ts:84:11 › t5 dark mode gallery › [light] /la-methode/intro @ 375px (2.5s)
  ok 277 [desktop] › tests\e2e\t5-dark-mode-gallery.spec.ts:94:11 › t5 dark mode gallery › [dark] /signup @ 375px (2.4s)
  ok 279 [desktop] › tests\e2e\t5-dark-mode-gallery.spec.ts:94:11 › t5 dark mode gallery › [dark] /l-examen/expression-orale/tache-2 @ 375px (2.4s)
  ok 278 [desktop] › tests\e2e\t5-dark-mode-gallery.spec.ts:94:11 › t5 dark mode gallery › [dark] /la-bibliotheque @ 1440px (2.6s)
  ok 280 [desktop] › tests\e2e\t5-dark-mode-gallery.spec.ts:84:11 › t5 dark mode gallery › [light] /confidentialite @ 375px (2.0s)
  ok 281 [desktop] › tests\e2e\t5-dark-mode-gallery.spec.ts:94:11 › t5 dark mode gallery › [dark] /la-methode/intro @ 375px (2.5s)
  ok 282 [desktop] › tests\e2e\t5-dark-mode-gallery.spec.ts:84:11 › t5 dark mode gallery › [light] /login @ 1440px (1.8s)
     state=partial http=200 errors=1
  → /dashboard
  ok 284 [desktop] › tests\e2e\t5-dark-mode-gallery.spec.ts:84:11 › t5 dark mode gallery › [light] /la-bibliotheque @ 375px (2.7s)
  ok 283 [desktop] › tests\e2e\t5-dark-mode-gallery.spec.ts:84:11 › t5 dark mode gallery › [light] /l-examen/expression-ecrite @ 1440px (2.8s)
  ok 285 [desktop] › tests\e2e\t5-dark-mode-gallery.spec.ts:94:11 › t5 dark mode gallery › [dark] /confidentialite @ 375px (3.1s)
  ok 286 [desktop] › tests\e2e\t5-dark-mode-gallery.spec.ts:84:11 › t5 dark mode gallery › [light] /l-examen @ 1440px (2.5s)
  ok 287 [desktop] › tests\e2e\t5-dark-mode-gallery.spec.ts:94:11 › t5 dark mode gallery › [dark] /login @ 1440px (2.5s)
  ok 288 [desktop] › tests\e2e\t5-dark-mode-gallery.spec.ts:94:11 › t5 dark mode gallery › [dark] /la-bibliotheque @ 375px (2.3s)
  ok 290 [desktop] › tests\e2e\t5-dark-mode-gallery.spec.ts:84:11 › t5 dark mode gallery › [light] /l-examen/expression-ecrite @ 375px (1.5s)
  ok 289 [desktop] › tests\e2e\t5-dark-mode-gallery.spec.ts:94:11 › t5 dark mode gallery › [dark] /l-examen/expression-ecrite @ 1440px (2.6s)
     state=complete http=200 errors=1
  → /l-examen
  ok 292 [desktop] › tests\e2e\touch-targets.spec.ts:25:7 › touch targets ≥44×44px on / (mobile 375px) (2.0s)
  ok 293 [desktop] › tests\e2e\touch-targets.spec.ts:25:7 › touch targets ≥44×44px on /dashboard (mobile 375px) (1.5s)
  ok 291 [desktop] › tests\e2e\t5-dark-mode-gallery.spec.ts:94:11 › t5 dark mode gallery › [dark] /l-examen @ 1440px (2.6s)
  ok 295 [desktop] › tests\e2e\touch-targets.spec.ts:25:7 › touch targets ≥44×44px on /l-examen/diagnostic/results (mobile 375px) (1.5s)
  ok 294 [desktop] › tests\e2e\t5-dark-mode-gallery.spec.ts:94:11 › t5 dark mode gallery › [dark] /l-examen/expression-ecrite @ 375px (2.1s)
  ok 296 [desktop] › tests\e2e\touch-targets.spec.ts:25:7 › touch targets ≥44×44px on /l-examen/diagnostic/tache/1 (mobile 375px) (1.7s)
  ok 297 [desktop] › tests\e2e\touch-targets.spec.ts:25:7 › touch targets ≥44×44px on /la-methode (mobile 375px) (1.4s)
  ok 298 [desktop] › tests\e2e\touch-targets.spec.ts:25:7 › touch targets ≥44×44px on /la-methode/lecon-1 (mobile 375px) (1.4s)
  ok 299 [desktop] › tests\e2e\touch-targets.spec.ts:25:7 › touch targets ≥44×44px on /la-bibliotheque (mobile 375px) (1.1s)
     state=partial http=200 errors=2
  → /l-examen/diagnostic/results
  ok 300 [desktop] › tests\e2e\t5-dark-mode-gallery.spec.ts:84:11 › t5 dark mode gallery › [light] /l-examen/expression-ecrite/history @ 1440px (1.7s)
  ok 301 [desktop] › tests\e2e\touch-targets.spec.ts:25:7 › touch targets ≥44×44px on /la-bibliotheque/practice (mobile 375px) (1.5s)
  ok 302 [desktop] › tests\e2e\touch-targets.spec.ts:25:7 › touch targets ≥44×44px on /paywall (mobile 375px) (1.5s)
  ok 304 [desktop] › tests\e2e\vocabulaire-browse.spec.ts:80:7 › Le Vocabulaire browse — desktop (1280×800) › shows La Bibliothèque as active in the sidebar (1.8s)
  ok 303 [desktop] › tests\e2e\vocabulaire-browse.spec.ts:69:7 › Le Vocabulaire browse — desktop (1280×800) › renders page header inside the (app) shell with filter bar and 60 chunks (2.0s)
  ok 305 [desktop] › tests\e2e\t5-dark-mode-gallery.spec.ts:94:11 › t5 dark mode gallery › [dark] /l-examen/expression-ecrite/history @ 1440px (2.1s)
  ok 306 [desktop] › tests\e2e\vocabulaire-browse.spec.ts:88:7 › Le Vocabulaire browse — desktop (1280×800) › count badge shows "60 chunks" (1.6s)
     state=partial http=200 errors=2
  → /la-methode
  ok 308 [desktop] › tests\e2e\vocabulaire-browse.spec.ts:103:7 › Le Vocabulaire browse — desktop (1280×800) › selecting source "Média" filters to Média rows only (1.5s)
  ok 309 [desktop] › tests\e2e\vocabulaire-browse.spec.ts:114:7 › Le Vocabulaire browse — desktop (1280×800) › search "tomber" filters to chunks containing tomber (case-insensitive) (2.2s)
  ok 310 [desktop] › tests\e2e\t5-dark-mode-gallery.spec.ts:84:11 › t5 dark mode gallery › [light] /l-examen/expression-ecrite/history @ 375px (1.4s)
  ok 307 [desktop] › tests\e2e\vocabulaire-browse.spec.ts:93:7 › Le Vocabulaire browse — desktop (1280×800) › deselecting A1 chip filters out A1 rows (3.3s)
  ok 311 [desktop] › tests\e2e\vocabulaire-browse.spec.ts:129:7 › Le Vocabulaire browse — desktop (1280×800) › empty filter combination shows empty state + reset button (2.3s)
     state=partial http=200 errors=2
  → /la-bibliotheque
  ok 312 [desktop] › tests\e2e\vocabulaire-browse.spec.ts:144:7 › Le Vocabulaire browse — desktop (1280×800) › clicking save icon toggles data-saved attribute (2.3s)
  ok 313 [desktop] › tests\e2e\vocabulaire-browse.spec.ts:154:7 › Le Vocabulaire browse — desktop (1280×800) › each ChunkRow has ed-card-lift class (1.4s)
  ok 314 [desktop] › tests\e2e\t5-dark-mode-gallery.spec.ts:94:11 › t5 dark mode gallery › [dark] /l-examen/expression-ecrite/history @ 375px (1.4s)
  ok 316 [desktop] › tests\e2e\vocabulaire-browse.spec.ts:173:7 › Le Vocabulaire browse — mobile (375×667) › no horizontal overflow on /la-bibliotheque (799ms)
  ok 315 [desktop] › tests\e2e\vocabulaire-browse.spec.ts:164:7 › Le Vocabulaire browse — mobile (375×667) › filter bar collapses behind a "Filtres" button on mobile (1.6s)
  ok 317 [desktop] › tests\e2e\vocabulaire-browse.spec.ts:180:7 › Le Vocabulaire browse — mobile (375×667) › all 60 chunk rows render on mobile (scrollable) (1.1s)
  ok 320 [desktop] › tests\e2e\vocabulaire-practice.spec.ts:28:7 › Le Vocabulaire practice — desktop (1280×800) › shows La Bibliothèque as active in the sidebar from /la-bibliotheque/practice (988ms)
  ok 318 [desktop] › tests\e2e\vocabulaire-practice.spec.ts:12:7 › Le Vocabulaire practice — desktop (1280×800) › renders inside (app) shell with header, first card, progress, and action row (1.5s)
  ok 319 [desktop] › tests\e2e\t5-dark-mode-gallery.spec.ts:84:11 › t5 dark mode gallery › [light] /progress @ 1440px (1.6s)
     state=partial http=200 errors=2
  → /la-bibliotheque/practice
  ok 322 [desktop] › tests\e2e\vocabulaire-practice.spec.ts:48:7 › Le Vocabulaire practice — desktop (1280×800) › spacebar flips the card when it has focus (1.4s)
  ok 321 [desktop] › tests\e2e\vocabulaire-practice.spec.ts:38:7 › Le Vocabulaire practice — desktop (1280×800) › clicking the card flips it; clicking again flips it back (1.9s)
  ok 323 [desktop] › tests\e2e\vocabulaire-practice.spec.ts:57:7 › Le Vocabulaire practice — desktop (1280×800) › clicking Suivant advances to card 2 (1.6s)
  ok 325 [desktop] › tests\e2e\t5-dark-mode-gallery.spec.ts:94:11 › t5 dark mode gallery › [dark] /progress @ 1440px (1.5s)
     state=complete http=200 errors=1
  → /la-bibliotheque/test
  ok 326 [desktop] › tests\e2e\vocabulaire-practice.spec.ts:84:7 › Le Vocabulaire practice — desktop (1280×800) › clicking "Pratiquer" CTA from /la-bibliotheque lands on /la-bibliotheque/practice (1.8s)
  ok 328 [desktop] › tests\e2e\vocabulaire-practice.spec.ts:100:7 › Le Vocabulaire practice — desktop (1280×800) › card flip applies rotateY transform (1.5s)
  ok 327 [desktop] › tests\e2e\vocabulaire-practice.spec.ts:93:7 › Le Vocabulaire practice — desktop (1280×800) › back-to-list link from header navigates to /la-bibliotheque (2.4s)
  ok 329 [desktop] › tests\e2e\t5-dark-mode-gallery.spec.ts:84:11 › t5 dark mode gallery › [light] /progress @ 375px (1.9s)
  ok 330 [desktop] › tests\e2e\vocabulaire-practice.spec.ts:108:7 › Le Vocabulaire practice — desktop (1280×800) › À revoir and Connu action buttons are visible and have non-transparent backgrounds (1.1s)
  ok 331 [desktop] › tests\e2e\vocabulaire-practice.spec.ts:123:7 › Le Vocabulaire practice — mobile (375×667) › renders the practice surface single-column without horizontal overflow (1.1s)
  ok 332 [desktop] › tests\e2e\vocabulaire-practice.spec.ts:134:7 › Le Vocabulaire practice — mobile (375×667) › each of the 3 action buttons has a tap target ≥ 44×44px on mobile (1.1s)
  ok 333 [desktop] › tests\e2e\t5-dark-mode-gallery.spec.ts:94:11 › t5 dark mode gallery › [dark] /progress @ 375px (1.1s)
  ok 334 [desktop] › tests\e2e\vocabulaire-practice.spec.ts:149:7 › Le Vocabulaire practice — mobile (375×667) › flashcard is full-width on mobile (1.2s)
  ok 336 [desktop] › tests\e2e\vocabulaire-test.spec.ts:28:7 › Le Vocabulaire test — desktop (1280×800) › shows La Bibliothèque as active in the sidebar from /la-bibliotheque/test (711ms)
     state=partial http=200 errors=2
  → /fr
  ok 335 [desktop] › tests\e2e\vocabulaire-test.spec.ts:12:7 › Le Vocabulaire test — desktop (1280×800) › renders inside the (app) shell with header, question 1, 4 choices, disabled Submit (1.1s)
  ok 337 [desktop] › tests\e2e\t5-dark-mode-gallery.spec.ts:84:11 › t5 dark mode gallery › [light] /more @ 1440px (1.2s)
  ok 324 [desktop] › tests\e2e\vocabulaire-practice.spec.ts:64:7 › Le Vocabulaire practice — desktop (1280×800) › advancing through all 60 cards shows the end-of-deck panel; Recommencer resets to card 1 (7.0s)
  ok 338 [desktop] › tests\e2e\vocabulaire-test.spec.ts:36:7 › Le Vocabulaire test — desktop (1280×800) › selecting a choice enables Submit; clicking Submit reveals feedback and Question suivante (1.8s)
  ok 340 [desktop] › tests\e2e\vocabulaire-test.spec.ts:75:7 › Le Vocabulaire test — desktop (1280×800) › clicking "Tester" CTA from /la-bibliotheque lands on /la-bibliotheque/test (1.6s)
  ok 341 [desktop] › tests\e2e\t5-dark-mode-gallery.spec.ts:94:11 › t5 dark mode gallery › [dark] /more @ 1440px (1.6s)
     state=complete http=200 errors=1
  → /fr/library
  ok 344 [desktop] › tests\e2e\vocabulaire-test.spec.ts:96:7 › Le Vocabulaire test — desktop (1280×800) › correct choice has class quiz-choice-correct after Submit (1.6s)
  ok 343 [desktop] › tests\e2e\vocabulaire-test.spec.ts:89:7 › Le Vocabulaire test — desktop (1280×800) › Question suivante appears after Submit (Playwright auto-waits) (2.0s)
  ok 342 [desktop] › tests\e2e\vocabulaire-test.spec.ts:82:7 › Le Vocabulaire test — desktop (1280×800) › back-to-list link from header navigates to /la-bibliotheque (2.1s)
  ok 345 [desktop] › tests\e2e\t5-dark-mode-gallery.spec.ts:84:11 › t5 dark mode gallery › [light] /more @ 375px (1.5s)
  ok 347 [desktop] › tests\e2e\vocabulaire-test.spec.ts:119:7 › Le Vocabulaire test — mobile (375×667) › renders the quiz single-column without horizontal overflow (946ms)
  ok 348 [desktop] › tests\e2e\vocabulaire-test.spec.ts:130:7 › Le Vocabulaire test — mobile (375×667) › each choice card has a tap target ≥ 44×44px on mobile (1.0s)
  ok 349 [desktop] › tests\e2e\t5-dark-mode-gallery.spec.ts:94:11 › t5 dark mode gallery › [dark] /more @ 375px (1.1s)
     state=complete http=200 errors=1
  → /la-methode/intro
  ok 350 [desktop] › tests\e2e\t5-dark-mode-gallery.spec.ts:84:11 › t5 dark mode gallery › [light] /account @ 1440px (756ms)
     state=partial http=200 errors=2
  → /onboarding
  ok 351 [desktop] › tests\e2e\t5-dark-mode-gallery.spec.ts:94:11 › t5 dark mode gallery › [dark] /account @ 1440px (1.1s)
  ok 339 [desktop] › tests\e2e\vocabulaire-test.spec.ts:49:7 › Le Vocabulaire test — desktop (1280×800) › navigating through all 10 questions reaches the results panel; Recommencer returns to Q1 (7.1s)
  ok 354 [desktop] › tests\e2e\t5-dark-mode-gallery.spec.ts:84:11 › t5 dark mode gallery › [light] /account @ 375px (1.0s)
     state=complete http=200 errors=1
  → /onboarding/waitlist
  ok 353 [mobile] › tests\e2e\app-shell.spec.ts:12:7 › App shell — desktop (1280×800) › sidebar shows CH avatar circle (1.1s)
  ok 352 [mobile] › tests\e2e\app-shell.spec.ts:18:7 › App shell — desktop (1280×800) › active link row has left-tab indicator visible (1.2s)
  ok 355 [desktop] › tests\e2e\t5-dark-mode-gallery.spec.ts:94:11 › t5 dark mode gallery › [dark] /account @ 375px (818ms)
  ok 357 [mobile] › tests\e2e\app-shell.spec.ts:44:7 › App shell — desktop (1280×800) › hamburger button is hidden on desktop (516ms)
  ok 356 [mobile] › tests\e2e\app-shell.spec.ts:33:7 › App shell — desktop (1280×800) › shell renders on /tableau-de-bord with sidebar and 6 nav links (699ms)
     state=complete http=200 errors=1
  → /l-examen/expression-orale
  ok 359 [mobile] › tests\e2e\app-shell.spec.ts:75:7 › App shell — desktop (1280×800) › shell wraps the /profil page (609ms)
  ok 358 [mobile] › tests\e2e\app-shell.spec.ts:61:7 › App shell — desktop (1280×800) › clicking "Compte" navigates to /profil and active state shifts (886ms)
  ok 361 [mobile] › tests\e2e\app-shell.spec.ts:81:7 › App shell — desktop (1280×800) › shell wraps the /tableau-de-bord page with a heading (698ms)
  ok 346 [desktop] › tests\e2e\vocabulaire-test.spec.ts:105:7 › Le Vocabulaire test — desktop (1280×800) › quiz results show flavor copy text (7.1s)
  ok 362 [mobile] › tests\e2e\app-shell.spec.ts:90:7 › App shell — mobile (375×667) › hamburger is visible and sidebar starts closed (948ms)
     state=complete http=200 errors=2
  → /l-examen/expression-orale/tache-1
  ok 360 [mobile] › tests\e2e\app-shell.spec.ts:24:7 › App shell — desktop (1280×800) › navigating tableau-de-bord→la-methode shifts active state (1.3s)
  ok 363 [mobile] › tests\e2e\app-shell.spec.ts:100:7 › App shell — mobile (375×667) › hamburger click opens drawer with 6 nav links and backdrop (1.2s)
  ok 366 [mobile] › tests\e2e\app-shell.spec.ts:140:7 › App shell — mobile (375×667) › no horizontal overflow on /tableau-de-bord (742ms)
  ok 365 [mobile] › tests\e2e\app-shell.spec.ts:49:7 › App shell — desktop (1280×800) › active state is on "Tableau de bord" when visiting /tableau-de-bord (945ms)
  ok 364 [mobile] › tests\e2e\app-shell.spec.ts:127:7 › App shell — mobile (375×667) › clicking a nav link inside the drawer navigates and closes the drawer (1.9s)
  ok 367 [mobile] › tests\e2e\app-shell.spec.ts:148:7 › App shell — mobile (375×667) › sidebar has 300ms transform transition (1.1s)
  ok 368 [mobile] › tests\e2e\auth-flow.spec.ts:5:7 › Auth flow — redirect gate › unauthenticated visitor on /dashboard is redirected to / (902ms)
     state=partial http=200 errors=2
  → /l-examen/expression-orale/tache-2
  ok 369 [mobile] › tests\e2e\auth-flow.spec.ts:10:7 › Auth flow — redirect gate › unauthenticated visitor on /la-methode is redirected to / (806ms)
  ok 370 [mobile] › tests\e2e\auth-flow.spec.ts:15:7 › Auth flow — redirect gate › unauthenticated visitor on /la-bibliotheque is redirected to / (678ms)
  ok 371 [mobile] › tests\e2e\auth-flow.spec.ts:20:7 › Auth flow — redirect gate › authenticated user on /dashboard sees the app shell (680ms)
  ok 373 [mobile] › tests\e2e\auth-flow.spec.ts:26:7 › Auth flow — redirect gate › authenticated user on /la-methode sees the app shell (821ms)
  ok 374 [mobile] › tests\e2e\auth-flow.spec.ts:32:7 › Auth flow — redirect gate › sidebar exposes a sign-out button (912ms)
  ok 375 [mobile] › tests\e2e\dashboard-greeting.spec.ts:28:7 › Dashboard greeting — BE-002 › "Bonjour" h1 is visible on /dashboard after auth injection (934ms)
  ok 376 [mobile] › tests\e2e\dashboard-greeting.spec.ts:33:7 › Dashboard greeting — BE-002 › today's date renders below the greeting (data-testid dashboard-today) (914ms)
  ok 372 [mobile] › tests\e2e\app-shell.spec.ts:116:7 › App shell — mobile (375×667) › backdrop click closes the drawer (1.2s)
     state=complete http=200 errors=1
  → /l-examen/expression-ecrite
  ok 377 [mobile] › tests\e2e\dashboard-greeting.spec.ts:40:7 › Dashboard greeting — BE-002 › email-verification banner is absent for verified users (915ms)
  ok 378 [mobile] › tests\e2e\dashboard-greeting.spec.ts:49:7 › Dashboard greeting — email-verification banner › banner appears when user.emailVerified is false (848ms)
  ok 380 [mobile] › tests\e2e\dashboard.spec.ts:86:7 › Dashboard — desktop (1280×800) › all 5 widget sections are visible inside the (app) shell (946ms)
  ok 379 [mobile] › tests\e2e\dashboard.spec.ts:80:7 › Dashboard — desktop (1280×800) › welcome heading and today's date render (943ms)
  ok 381 [mobile] › tests\e2e\dashboard.spec.ts:95:7 › Dashboard — desktop (1280×800) › countdown widget renders days remaining > 0 (949ms)
  ok 382 [mobile] › tests\e2e\dashboard.spec.ts:103:7 › Dashboard — desktop (1280×800) › daily target widget shows static value of 1 (968ms)
  ok 383 [mobile] › tests\e2e\dashboard.spec.ts:108:7 › Dashboard — desktop (1280×800) › streak widget resolves (0 for empty recordings) (1.1s)
  ok 384 [mobile] › tests\e2e\dashboard.spec.ts:114:7 › Dashboard — desktop (1280×800) › next lesson widget shows unlocked lesson and Reprendre CTA (1.1s)
  ok 385 [mobile] › tests\e2e\dashboard.spec.ts:121:7 › Dashboard — desktop (1280×800) › calendar widget renders the month grid (1.2s)
     state=complete http=200 errors=2
  → /l-examen/expression-ecrite/history
  ok 386 [mobile] › tests\e2e\dashboard.spec.ts:126:7 › Dashboard — desktop (1280×800) › widget cards carry ed-card-lift class (1.1s)
  ok 388 [mobile] › tests\e2e\dashboard.spec.ts:159:7 › Dashboard — mobile (375×667) › no horizontal overflow on /dashboard (661ms)
  ok 387 [mobile] › tests\e2e\dashboard.spec.ts:144:7 › Dashboard — mobile (375×667) › widgets stack vertically and remain reachable on scroll (1.5s)
  ok 389 [mobile] › tests\e2e\dashboard.spec.ts:166:7 › Dashboard — mobile (375×667) › stacked widgets have bottom separator border in mobile view (973ms)
  ok 391 [mobile] › tests\e2e\diagnostic-landing.spec.ts:29:7 › Le Diagnostic landing — desktop (1280×800) › shows Le Diagnostic as active in the sidebar (853ms)
  ok 390 [mobile] › tests\e2e\diagnostic-landing.spec.ts:12:7 › Le Diagnostic landing — desktop (1280×800) › renders header, sections, 3 tâche cards, 5-couche preview, CTA inside (app) shell (1.1s)
     state=partial http=200 errors=2
  → /legal/privacy
  ok 393 [mobile] › tests\e2e\diagnostic-landing.spec.ts:45:7 › Le Diagnostic landing — desktop (1280×800) › past-score link navigates to /l-examen/diagnostic/results (968ms)
  ok 392 [mobile] › tests\e2e\diagnostic-landing.spec.ts:37:7 › Le Diagnostic landing — desktop (1280×800) › primary CTA navigates to /l-examen/tache/1 (1.5s)
  ok 395 [mobile] › tests\e2e\diagnostic-landing.spec.ts:65:7 › Le Diagnostic landing — desktop (1280×800) › does not include any <audio> element (1.0s)
  ok 394 [mobile] › tests\e2e\diagnostic-landing.spec.ts:51:7 › Le Diagnostic landing — desktop (1280×800) › 3 tâche cards render side-by-side at desktop width (1.4s)
  ok 397 [mobile] › tests\e2e\diagnostic-landing.spec.ts:79:7 › Le Diagnostic landing — desktop (1280×800) › tâche cards each have an accent bar element (973ms)
  ok 399 [mobile] › tests\e2e\diagnostic-landing.spec.ts:104:7 › Le Diagnostic landing — mobile (375×667) › no horizontal overflow on /l-examen/diagnostic (983ms)
  ok 398 [mobile] › tests\e2e\diagnostic-landing.spec.ts:92:7 › Le Diagnostic landing — mobile (375×667) › 3 tâche cards stack vertically on mobile (1.3s)
     state=complete http=200 errors=1
  → /legal/tos
  ok 400 [mobile] › tests\e2e\diagnostic-landing.spec.ts:111:7 › Le Diagnostic landing — mobile (375×667) › primary CTA remains visible on mobile (1.1s)
  ok 396 [mobile] › tests\e2e\diagnostic-landing.spec.ts:72:7 › Le Diagnostic landing — desktop (1280×800) › clicking the × dismiss button removes the past-score panel (2.5s)
  ok 401 [mobile] › tests\e2e\diagnostic-results.spec.ts:12:7 › Le Diagnostic results — desktop (1280×800) › renders all sections inside the (app) shell (1.0s)
  ok 402 [mobile] › tests\e2e\diagnostic-results.spec.ts:25:7 › Le Diagnostic results — desktop (1280×800) › sidebar shows Le Diagnostic as active on results route (866ms)
  ok 403 [mobile] › tests\e2e\diagnostic-results.spec.ts:33:7 › Le Diagnostic results — desktop (1280×800) › 5-couche breakdown shows all 5 rows (858ms)
  ok 404 [mobile] › tests\e2e\diagnostic-results.spec.ts:38:7 › Le Diagnostic results — desktop (1280×800) › "Relire l'énoncé" for Tâche 2 links to /l-examen/tache/2 (939ms)
  ok 407 [mobile] › tests\e2e\diagnostic-results.spec.ts:61:7 › Le Diagnostic results — desktop (1280×800) › does not contain any <audio> element (874ms)
  ok 408 [mobile] › tests\e2e\diagnostic-results.spec.ts:66:7 › Le Diagnostic results — desktop (1280×800) › 3 recommendation rows render with their CTAs (946ms)
  ok 405 [mobile] › tests\e2e\diagnostic-results.spec.ts:47:7 › Le Diagnostic results — desktop (1280×800) › "Recommencer le diagnostic" navigates to /l-examen/diagnostic/tache/1 (1.8s)
  ok 406 [mobile] › tests\e2e\diagnostic-results.spec.ts:55:7 › Le Diagnostic results — desktop (1280×800) › "Retour au tableau de bord" navigates to /tableau-de-bord (1.6s)
     state=complete http=200 errors=1
  → /cluster/test-slug
  ok 411 [mobile] › tests\e2e\diagnostic-results.spec.ts:86:7 › Le Diagnostic results — desktop (1280×800) › CEFR pill is visible and shows "C1" (1.0s)
  ok 409 [mobile] › tests\e2e\diagnostic-results.spec.ts:71:7 › Le Diagnostic results — desktop (1280×800) › couche bars have non-zero widths 700ms after mount (1.8s)
  ok 412 [mobile] › tests\e2e\diagnostic-results.spec.ts:93:7 › Le Diagnostic results — desktop (1280×800) › each recommendation row has a chip badge and accent CTA (1.0s)
  ok 414 [mobile] › tests\e2e\diagnostic-results.spec.ts:117:7 › Le Diagnostic results — mobile (375×667) › no horizontal overflow (689ms)
  ok 413 [mobile] › tests\e2e\diagnostic-results.spec.ts:98:7 › Le Diagnostic results — desktop (1280×800) › reduced-motion: score block animation is suppressed (1.4s)
  ok 410 [mobile] › tests\e2e\diagnostic-results.spec.ts:80:7 › Le Diagnostic results — desktop (1280×800) › hovering a couche row reveals the gloss tooltip (2.1s)
  ok 415 [mobile] › tests\e2e\diagnostic-results.spec.ts:124:7 › Le Diagnostic results — mobile (375×667) › all key sections are visible on mobile (918ms)
     state=complete http=200 errors=0
  → /learn/test-module
  ok 416 [mobile] › tests\e2e\diagnostic-results.spec.ts:132:7 › Le Diagnostic results — mobile (375×667) › couche gloss sentences are visible inline without hover (910ms)
  ok 417 [mobile] › tests\e2e\diagnostic-tache.spec.ts:12:7 › Le Diagnostic tâche shell — desktop (1280×800) › renders all elements on /l-examen/diagnostic/tache/1 (863ms)
  ok 418 [mobile] › tests\e2e\diagnostic-tache.spec.ts:25:7 › Le Diagnostic tâche shell — desktop (1280×800) › sidebar shows Le Diagnostic as active on tâche route (785ms)
  ok 419 [mobile] › tests\e2e\diagnostic-tache.spec.ts:33:7 › Le Diagnostic tâche shell — desktop (1280×800) › timer initialises to 03:30 on tâche 2 (761ms)
  ok 420 [mobile] › tests\e2e\diagnostic-tache.spec.ts:38:7 › Le Diagnostic tâche shell — desktop (1280×800) › timer initialises to 05:00 on tâche 3 (920ms)
  ok 423 [mobile] › tests\e2e\diagnostic-tache.spec.ts:59:7 › Le Diagnostic tâche shell — desktop (1280×800) › /l-examen/diagnostic/tache/4 returns 404 (459ms)
  ok 422 [mobile] › tests\e2e\diagnostic-tache.spec.ts:49:7 › Le Diagnostic tâche shell — desktop (1280×800) › tâche 3 shows "Voir les résultats" linking to /l-examen/diagnostic/results (743ms)
     state=complete http=200 errors=0
  → /l-examen/diagnostic/tache/1
  ok 421 [mobile] › tests\e2e\diagnostic-tache.spec.ts:43:7 › Le Diagnostic tâche shell — desktop (1280×800) › "Tâche suivante" link navigates to /l-examen/diagnostic/tache/2 (1.4s)
  ok 424 [mobile] › tests\e2e\diagnostic-tache.spec.ts:64:7 › Le Diagnostic tâche shell — desktop (1280×800) › mic button cycles: Idle → Recording → Stopped (1.2s)
  ok 425 [mobile] › tests\e2e\diagnostic-tache.spec.ts:83:7 › Le Diagnostic tâche shell — desktop (1280×800) › does not contain any <audio> element (981ms)
  ok 428 [mobile] › tests\e2e\diagnostic-tache.spec.ts:103:7 › Le Diagnostic tâche shell — desktop (1280×800) › ripple rings absent when prefers-reduced-motion is set (984ms)
  ok 427 [mobile] › tests\e2e\diagnostic-tache.spec.ts:97:7 › Le Diagnostic tâche shell — desktop (1280×800) › recording state shows 2 ripple ring elements (1.4s)
  ok 426 [mobile] › tests\e2e\diagnostic-tache.spec.ts:89:7 › Le Diagnostic tâche shell — desktop (1280×800) › timer display gets urgency class when running and < 60s remaining (1.7s)
  ok 430 [mobile] › tests\e2e\diagnostic-tache.spec.ts:125:7 › Le Diagnostic tâche shell — mobile (375×667) › no horizontal overflow on tâche route (828ms)
  ok 429 [mobile] › tests\e2e\diagnostic-tache.spec.ts:117:7 › Le Diagnostic tâche shell — mobile (375×667) › mic button has at least 88×88px tap target on mobile (1.1s)
     state=complete http=200 errors=1
  → /la-methode/test-lesson
  ok 431 [mobile] › tests\e2e\diagnostic-tache.spec.ts:132:7 › Le Diagnostic tâche shell — mobile (375×667) › all key elements are visible on mobile (741ms)
  ok 432 [mobile] › tests\e2e\ecole-detail.spec.ts:49:7 › La Méthode lesson detail — desktop (1280×800) › renders inside the (app) shell with breadcrumb, header, audio placeholder, sections, nav (941ms)
  ok 434 [mobile] › tests\e2e\ecole-detail.spec.ts:71:7 › La Méthode lesson detail — desktop (1280×800) › /la-methode/lecon-1 — no previous button, next links to /la-methode/lecon-2 (796ms)
  ok 435 [mobile] › tests\e2e\ecole-detail.spec.ts:77:7 › La Méthode lesson detail — desktop (1280×800) › /la-methode/lecon-27 — no next button, prev links to /la-methode/lecon-26 (857ms)
  ok 436 [mobile] › tests\e2e\ecole-detail.spec.ts:83:7 › La Méthode lesson detail — desktop (1280×800) › /la-methode/lecon-99 — renders Next.js 404 (556ms)
  ok 433 [mobile] › tests\e2e\ecole-detail.spec.ts:65:7 › La Méthode lesson detail — desktop (1280×800) › clicking next on /la-methode/lecon-3 navigates to /la-methode/lecon-4 (1.3s)
  ok 437 [mobile] › tests\e2e\ecole-detail.spec.ts:88:7 › La Méthode lesson detail — desktop (1280×800) › /la-methode/abc — renders Next.js 404 (non-numeric id) (477ms)
     state=404 http=404 errors=2
  → /la-methode/lesson/test-id
  ok 439 [mobile] › tests\e2e\ecole-detail.spec.ts:111:7 › La Méthode lesson detail — desktop (1280×800) › audio player shows 15 waveform bars on /la-methode/lecon-3 (733ms)
  ok 440 [mobile] › tests\e2e\ecole-detail.spec.ts:116:7 › La Méthode lesson detail — desktop (1280×800) › ArrowRight on /la-methode/lecon-3 navigates to /la-methode/lecon-4 (974ms)
  ok 441 [mobile] › tests\e2e\ecole-detail.spec.ts:123:7 › La Méthode lesson detail — desktop (1280×800) › ArrowLeft on /la-methode/lecon-3 navigates to /la-methode/lecon-2 (971ms)
  ok 442 [mobile] › tests\e2e\ecole-detail.spec.ts:130:7 › La Méthode lesson detail — desktop (1280×800) › ArrowLeft on /la-methode/lecon-1 does not navigate away (boundary guard) (983ms)
  ok 438 [mobile] › tests\e2e\ecole-detail.spec.ts:93:7 › La Méthode lesson detail — desktop (1280×800) › lesson card #5 on /ecole resolves to /la-methode/lecon-5 detail page (1.4s)
  ok 444 [mobile] › tests\e2e\ecole-detail.spec.ts:150:7 › La Méthode lesson detail — mobile (375×667) › no horizontal overflow on /la-methode/lecon-3 (581ms)
  ok 443 [mobile] › tests\e2e\ecole-detail.spec.ts:141:7 › La Méthode lesson detail — mobile (375×667) › renders /la-methode/lecon-3 with audio placeholder full-width and content stacked (1.1s)
     state=complete http=200 errors=0
  → /la-methode/lesson/test-id/quiz
  ok 445 [mobile] › tests\e2e\ecole-list.spec.ts:39:7 › La Méthode lesson list — desktop (1280×800) › renders page header inside the (app) shell (809ms)
  ok 446 [mobile] › tests\e2e\ecole-list.spec.ts:46:7 › La Méthode lesson list — desktop (1280×800) › shows La Méthode as active in the sidebar (706ms)
  ok 447 [mobile] › tests\e2e\ecole-list.spec.ts:54:7 › La Méthode lesson list — desktop (1280×800) › Fondations section has exactly 16 cards in numerical order (912ms)
  ok 451 [mobile] › tests\e2e\ecole-list.spec.ts:89:7 › La Méthode lesson list — desktop (1280×800) › lesson 4 shows Disponible badge (859ms)
  ok 448 [mobile] › tests\e2e\ecole-list.spec.ts:63:7 › La Méthode lesson list — desktop (1280×800) › Approfondissement section has exactly 11 cards (17–27) (1.2s)
  ok 450 [mobile] › tests\e2e\ecole-list.spec.ts:79:7 › La Méthode lesson list — desktop (1280×800) › lessons 1–3 show Terminée badge (988ms)
  ok 452 [mobile] › tests\e2e\ecole-list.spec.ts:97:7 › La Méthode lesson list — desktop (1280×800) › lesson 7 shows Verrouillée badge with lock icon (1.0s)
  ok 449 [mobile] › tests\e2e\ecole-list.spec.ts:72:7 › La Méthode lesson list — desktop (1280×800) › clicking lesson card #5 navigates to /la-methode/lecon-5 (1.6s)
     state=complete http=200 errors=0
  → /l-examen/expression-orale/tache-1/test-topic
  ok 456 [mobile] › tests\e2e\ecole-list.spec.ts:130:7 › La Méthode lesson list — mobile (375×667) › no horizontal overflow on /la-methode (582ms)
  ok 453 [mobile] › tests\e2e\ecole-list.spec.ts:104:7 › La Méthode lesson list — desktop (1280×800) › available card (lesson 4) has ed-card-lift class (1.1s)
  ok 454 [mobile] › tests\e2e\ecole-list.spec.ts:111:7 › La Méthode lesson list — desktop (1280×800) › locked card (lesson 7) does not have ed-card-lift class (1.1s)
  ok 455 [mobile] › tests\e2e\ecole-list.spec.ts:122:7 › La Méthode lesson list — mobile (375×667) › all 27 cards rendered and reachable on scroll (1.2s)
  ok 457 [mobile] › tests\e2e\landing-demo.spec.ts:6:7 › Landing demo — desktop (1280×800) › demo section heading is visible after scroll (1.1s)
  ok 458 [mobile] › tests\e2e\landing-demo.spec.ts:13:7 › Landing demo — desktop (1280×800) › primary recording surface is visible (1.1s)
  ok 461 [mobile] › tests\e2e\landing-demo.spec.ts:48:7 › Landing demo — mobile (375×667) › no horizontal overflow (870ms)
  ok 459 [mobile] › tests\e2e\landing-demo.spec.ts:20:7 › Landing demo — desktop (1280×800) › secondary score card is visible on desktop (1.1s)
  ok 462 [mobile] › tests\e2e\landing-demo.spec.ts:55:7 › Landing demo — mobile (375×667) › primary recording surface is visible on mobile scroll (1.3s)
  ok 463 [mobile] › tests\e2e\landing-demo.spec.ts:62:7 › Landing demo — mobile (375×667) › secondary score card is hidden on mobile (809ms)
     state=complete http=200 errors=2
  → /l-examen/expression-orale/tache-2/test-scenario
  ok 460 [mobile] › tests\e2e\landing-demo.spec.ts:29:7 › Landing demo — desktop (1280×800) › demo block animates to translateY(0) after scroll entry (2.0s)
  ok 464 [mobile] › tests\e2e\landing-footer.spec.ts:6:7 › Landing footer — desktop (1280×800) › footer renders with 3 link columns (1.0s)
  ok 465 [mobile] › tests\e2e\landing-footer.spec.ts:14:7 › Landing footer — desktop (1280×800) › Mentions légales link navigates to /mentions-legales (1.4s)
  ok 467 [mobile] › tests\e2e\landing-footer.spec.ts:30:7 › Landing footer — desktop (1280×800) › sticky header is visible after scrolling to bottom (1.0s)
  ok 466 [mobile] › tests\e2e\landing-footer.spec.ts:22:7 › Landing footer — desktop (1280×800) › Politique de confidentialité link navigates to /confidentialite (1.5s)
  ok 469 [mobile] › tests\e2e\landing-footer.spec.ts:47:7 › Landing footer — mobile (375×667) › sticky header is visible on load (1.2s)
  ok 468 [mobile] › tests\e2e\landing-footer.spec.ts:40:7 › Landing footer — mobile (375×667) › footer is visible (1.4s)
  ok 470 [mobile] › tests\e2e\landing-hero.spec.ts:6:7 › Landing hero — desktop (1280×800) › headline and CTA are above the fold (1.1s)
     state=complete http=200 errors=1
  → /l-examen/expression-orale/tache-3/test-topic
  ok 472 [mobile] › tests\e2e\landing-hero.spec.ts:21:7 › Landing hero — desktop (1280×800) › hero subheadline is visible (958ms)
  ok 474 [mobile] › tests\e2e\landing-hero.spec.ts:48:7 › Landing hero — mobile (375×667) › no horizontal overflow (845ms)
  ok 471 [mobile] › tests\e2e\landing-hero.spec.ts:13:7 › Landing hero — desktop (1280×800) › CTA navigates to /method (1.4s)
  ok 473 [mobile] › tests\e2e\landing-hero.spec.ts:30:7 › Landing hero — desktop (1280×800) › header gains solid background after scrolling 80px (1.0s)
  ok 475 [mobile] › tests\e2e\landing-hero.spec.ts:55:7 › Landing hero — mobile (375×667) › headline and CTA visible (1.1s)
  ok 476 [mobile] › tests\e2e\landing-hero.spec.ts:62:7 › Landing hero — mobile (375×667) › CTA tap target is at least 44px tall (829ms)
  ok 477 [mobile] › tests\e2e\landing-hero.spec.ts:72:7 › Landing hero — mobile (375×667) › hero subheadline is visible on mobile (783ms)
  -  481 [mobile] › tests\e2e\landing-methodology.spec.ts:47:7 › Landing methodology — desktop (1280×800) › layer gains translateY(-2px) on hover (ed-card-lift)
  ok 479 [mobile] › tests\e2e\landing-methodology.spec.ts:21:7 › Landing methodology — desktop (1280×800) › five layers render in correct order (1.2s)
  -  482 [mobile] › tests\e2e\landing-methodology.spec.ts:65:7 › Landing methodology — desktop (1280×800) › no hover lift under reduced-motion
  ok 478 [mobile] › tests\e2e\landing-methodology.spec.ts:14:7 › Landing methodology — desktop (1280×800) › section heading is present (1.4s)
     state=complete http=200 errors=1
  → /l-examen/expression-orale/feedback/test-session
  ok 484 [mobile] › tests\e2e\landing-methodology.spec.ts:93:7 › Landing methodology — mobile (375×667) › no horizontal overflow (1.1s)
  ok 483 [mobile] › tests\e2e\landing-methodology.spec.ts:81:7 › Landing methodology — desktop (1280×800) › CTA navigates to /method (1.5s)
  ok 480 [mobile] › tests\e2e\landing-methodology.spec.ts:31:7 › Landing methodology — desktop (1280×800) › each layer has a left-border accent (≥3px) (2.8s)
  ok 486 [mobile] › tests\e2e\landing-persona.spec.ts:6:7 › PersonaMatch section — desktop (1280×800) › three columns render side-by-side (2.0s)
     state=complete http=200 errors=0
  → /la-bibliotheque/test-slug
  ok 487 [mobile] › tests\e2e\landing-persona.spec.ts:36:7 › PersonaMatch section — desktop (1280×800) › section h2 is visible after scrolling (1.6s)
  ok 485 [mobile] › tests\e2e\landing-methodology.spec.ts:100:7 › Landing methodology — mobile (375×667) › all five layer names visible on scroll (3.0s)
  ok 489 [mobile] › tests\e2e\landing-persona.spec.ts:54:7 › PersonaMatch section — desktop (1280×800) › persona columns visible at full opacity under reduced-motion (1.4s)
  ok 490 [mobile] › tests\e2e\landing-persona.spec.ts:72:7 › PersonaMatch section — mobile (375×667) › columns stack vertically (1.2s)
  -  493 [mobile] › tests\e2e\landing-pricing.spec.ts:22:7 › Landing pricing — desktop (1280×800) › Daily Bundle card gains translateY(-2px) on hover
  ok 491 [mobile] › tests\e2e\landing-pricing.spec.ts:6:7 › Landing pricing — desktop (1280×800) › five tier cards render (1.3s)
  ok 492 [mobile] › tests\e2e\landing-pricing.spec.ts:13:7 › Landing pricing — desktop (1280×800) › Daily Bundle is highlighted as Most popular (1.3s)
  ok 488 [mobile] › tests\e2e\landing-persona.spec.ts:44:7 › PersonaMatch section — desktop (1280×800) › persona icons 1-3 are visible after scrolling (2.9s)
  ok 494 [mobile] › tests\e2e\landing-pricing.spec.ts:38:7 › Landing pricing — desktop (1280×800) › footer social links are present (1.1s)
  ok 499 [mobile] › tests\e2e\layout.spec.ts:12:7 › PWA + layout meta › manifest.json is reachable and returns valid JSON (321ms)
     state=complete http=200 errors=1
  → /la-bibliotheque/test-slug/practice
  ok 496 [mobile] › tests\e2e\landing-pricing.spec.ts:60:7 › Landing pricing — mobile (375×667) › no horizontal overflow (982ms)
  ok 495 [mobile] › tests\e2e\landing-pricing.spec.ts:47:7 › Landing pricing — desktop (1280×800) › Daily Bundle CTA navigates to /inscription?tier=daily-bundle (1.7s)
  ok 498 [mobile] › tests\e2e\layout.spec.ts:4:7 › PWA + layout meta › manifest link is present in <head> (1.3s)
  ok 502 [mobile] › tests\e2e\layout.spec.ts:40:7 › PWA + layout meta › icon-192.png is reachable (333ms)
Auditing 48 routes...
  → /
  ok 500 [mobile] › tests\e2e\layout.spec.ts:23:7 › PWA + layout meta › theme-color meta tag is present (863ms)
  ok 497 [mobile] › tests\e2e\landing-pricing.spec.ts:67:7 › Landing pricing — mobile (375×667) › all five tier cards visible on scroll (1.5s)
  ok 501 [mobile] › tests\e2e\layout.spec.ts:32:7 › PWA + layout meta › viewport meta includes viewport-fit=cover (831ms)
  ok 503 [mobile] › tests\e2e\layout.spec.ts:45:7 › PWA + layout meta › icon-512.png is reachable (206ms)
     state=complete http=200 errors=1
  → /la-bibliotheque/test-slug/test
  ok 507 [mobile] › tests\e2e\m2-font-audit.spec.ts:22:7 › m2-fonts capture la-methode (1.5s)
  ok 508 [mobile] › tests\e2e\m2-font-audit.spec.ts:22:7 › m2-fonts capture la-bibliotheque (1.6s)
  ok 506 [mobile] › tests\e2e\m2-font-audit.spec.ts:22:7 › m2-fonts capture dashboard (1.6s)
  ok 505 [mobile] › tests\e2e\m2-font-audit.spec.ts:22:7 › m2-fonts capture home (2.5s)
  ok 511 [mobile] › tests\e2e\reduced-motion.spec.ts:32:7 › reduced-motion: no horizontal overflow on / (905ms)
     state=complete http=200 errors=2
  → /library
  ok 509 [mobile] › tests\e2e\m2-font-audit.spec.ts:22:7 › m2-fonts capture l-examen (1.3s)
  ok 510 [mobile] › tests\e2e\m2-font-audit.spec.ts:22:7 › m2-fonts capture lesson-detail (1.3s)
     state=complete http=200 errors=0
  → /l-examen/expression-ecrite/test-prompt
  ok 512 [mobile] › tests\e2e\reduced-motion.spec.ts:32:7 › reduced-motion: no horizontal overflow on /l-examen/diagnostic/results (998ms)
  ok 513 [mobile] › tests\e2e\reduced-motion.spec.ts:32:7 › reduced-motion: no horizontal overflow on /dashboard (1.1s)
  ok 514 [mobile] › tests\e2e\reduced-motion.spec.ts:32:7 › reduced-motion: no horizontal overflow on /la-methode (1.2s)
  ok 515 [mobile] › tests\e2e\reduced-motion.spec.ts:32:7 › reduced-motion: no horizontal overflow on /la-bibliotheque (1.2s)
  ok 516 [mobile] › tests\e2e\reduced-motion.spec.ts:32:7 › reduced-motion: no horizontal overflow on /l-examen/diagnostic/tache/1 (963ms)
  ok 517 [mobile] › tests\e2e\reduced-motion.spec.ts:32:7 › reduced-motion: no horizontal overflow on /paywall (946ms)
  ok 519 [mobile] › tests\e2e\reduced-motion.spec.ts:32:7 › reduced-motion: no horizontal overflow on /la-bibliotheque/practice (919ms)
  ok 518 [mobile] › tests\e2e\reduced-motion.spec.ts:32:7 › reduced-motion: no horizontal overflow on /la-methode/lecon-1 (1.0s)
     state=complete http=200 errors=1
  → /login
     state=complete http=200 errors=1
  ok 520 [mobile] › tests\e2e\reduced-motion.spec.ts:57:5 › reduced-motion: ed-hero-rise elements have no animation on / (1.2s)

=== M0 Audit Summary ===
Total routes: 48
Placeholder:  0
Console errs: 42
Legacy names: 1
Broken:       1
Audit written to docs/m0-fe-audit-2026-05-25.md
  ok 150 [desktop] › tests\e2e\m0-audit.spec.ts:328:5 › M0 FE route audit (2.0m)
  ok 522 [mobile] › tests\e2e\signup-flow.spec.ts:16:7 › Signup form — desktop (1280×800) › form renders with email, password, confirm-password fields (918ms)
  ok 521 [mobile] › tests\e2e\reduced-motion.spec.ts:43:5 › reduced-motion: results-score-block animation is suppressed on /l-examen/diagnostic/results (1.3s)
  ok 523 [mobile] › tests\e2e\signup-flow.spec.ts:23:7 › Signup form — desktop (1280×800) › submit button is disabled with empty form (938ms)
  ok 524 [mobile] › tests\e2e\reduced-motion.spec.ts:73:5 › reduced-motion: CSS transitions are instant on score block (954ms)
  ok 525 [mobile] › tests\e2e\signup-flow.spec.ts:35:7 › Signup form — desktop (1280×800) › password error shows when too short and blurred (933ms)
  ok 527 [mobile] › tests\e2e\signup-flow.spec.ts:50:7 › Signup form — desktop (1280×800) › tier label shows from ?tier query param (887ms)
  ok 526 [mobile] › tests\e2e\signup-flow.spec.ts:42:7 › Signup form — desktop (1280×800) › confirm-password mismatch error shows on blur (1.2s)
     state=complete http=200 errors=1
  → /method
  ok 531 [mobile] › tests\e2e\signup-flow.spec.ts:97:7 › Signup form — mobile (375×667) › no horizontal overflow (800ms)
  ok 529 [mobile] › tests\e2e\signup-flow.spec.ts:67:7 › Signup form — desktop (1280×800) › password strength segments update as password length increases (1.3s)
  ok 528 [mobile] › tests\e2e\signup-flow.spec.ts:55:7 › Signup form — desktop (1280×800) › valid form submission navigates to /onboarding (1.7s)
  ok 530 [mobile] › tests\e2e\signup-flow.spec.ts:81:7 › Signup form — desktop (1280×800) › submit shows spinner then navigates to /onboarding (1.6s)
     state=complete http=200 errors=1
  → /more
  ok 532 [mobile] › tests\e2e\signup-flow.spec.ts:104:7 › Signup form — mobile (375×667) › inputs are at least 44px tall (1.0s)
  ok 534 [mobile] › tests\e2e\t5-dark-mode-gallery.spec.ts:84:11 › t5 dark mode gallery › [light] /login @ 375px (1.1s)
  ok 535 [mobile] › tests\e2e\t5-dark-mode-gallery.spec.ts:84:11 › t5 dark mode gallery › [light] /cgv @ 1440px (1.6s)
  ok 533 [mobile] › tests\e2e\t5-dark-mode-gallery.spec.ts:84:11 › t5 dark mode gallery › [light] / @ 1440px (2.1s)
  ok 536 [mobile] › tests\e2e\t5-dark-mode-gallery.spec.ts:84:11 › t5 dark mode gallery › [light] /l-examen @ 375px (1.5s)
     state=complete http=200 errors=1
  → /password-reset
  ok 538 [mobile] › tests\e2e\t5-dark-mode-gallery.spec.ts:94:11 › t5 dark mode gallery › [dark] /login @ 375px (1.2s)
  ok 537 [mobile] › tests\e2e\signup-flow.spec.ts:28:7 › Signup form — desktop (1280×800) › email error shows after blurring empty field (1.7s)
  ok 539 [mobile] › tests\e2e\t5-dark-mode-gallery.spec.ts:94:11 › t5 dark mode gallery › [dark] /cgv @ 1440px (2.7s)
  ok 541 [mobile] › tests\e2e\t5-dark-mode-gallery.spec.ts:94:11 › t5 dark mode gallery › [dark] /l-examen @ 375px (2.2s)
  ok 542 [mobile] › tests\e2e\t5-dark-mode-gallery.spec.ts:84:11 › t5 dark mode gallery › [light] /paywall @ 1440px (3.0s)
  ok 540 [mobile] › tests\e2e\t5-dark-mode-gallery.spec.ts:94:11 › t5 dark mode gallery › [dark] / @ 1440px (3.6s)
     state=complete http=200 errors=1
  → /paywall
  ok 543 [mobile] › tests\e2e\t5-dark-mode-gallery.spec.ts:84:11 › t5 dark mode gallery › [light] /la-bibliotheque/practice @ 1440px (2.0s)
  ok 544 [mobile] › tests\e2e\t5-dark-mode-gallery.spec.ts:84:11 › t5 dark mode gallery › [light] /cgv @ 375px (2.0s)
  ok 545 [mobile] › tests\e2e\t5-dark-mode-gallery.spec.ts:84:11 › t5 dark mode gallery › [light] /l-examen/diagnostic/results @ 1440px (2.5s)
  ok 547 [mobile] › tests\e2e\t5-dark-mode-gallery.spec.ts:84:11 › t5 dark mode gallery › [light] / @ 375px (3.0s)
  ok 546 [mobile] › tests\e2e\t5-dark-mode-gallery.spec.ts:94:11 › t5 dark mode gallery › [dark] /paywall @ 1440px (3.3s)
  ok 548 [mobile] › tests\e2e\t5-dark-mode-gallery.spec.ts:94:11 › t5 dark mode gallery › [dark] /la-bibliotheque/practice @ 1440px (2.4s)
  ok 549 [mobile] › tests\e2e\t5-dark-mode-gallery.spec.ts:94:11 › t5 dark mode gallery › [dark] /cgv @ 375px (2.6s)
  ok 550 [mobile] › tests\e2e\t5-dark-mode-gallery.spec.ts:94:11 › t5 dark mode gallery › [dark] /l-examen/diagnostic/results @ 1440px (2.9s)
  ok 553 [mobile] › tests\e2e\t5-dark-mode-gallery.spec.ts:84:11 › t5 dark mode gallery › [light] /la-bibliotheque/practice @ 375px (1.7s)
  ok 551 [mobile] › tests\e2e\t5-dark-mode-gallery.spec.ts:94:11 › t5 dark mode gallery › [dark] / @ 375px (2.3s)
     state=complete http=200 errors=1
  → /privacy
  ok 552 [mobile] › tests\e2e\t5-dark-mode-gallery.spec.ts:84:11 › t5 dark mode gallery › [light] /paywall @ 375px (2.2s)
  ok 554 [mobile] › tests\e2e\t5-dark-mode-gallery.spec.ts:84:11 › t5 dark mode gallery › [light] /refund @ 1440px (2.2s)
  ok 555 [mobile] › tests\e2e\t5-dark-mode-gallery.spec.ts:84:11 › t5 dark mode gallery › [light] /l-examen/diagnostic/results @ 375px (1.8s)
  ok 556 [mobile] › tests\e2e\t5-dark-mode-gallery.spec.ts:94:11 › t5 dark mode gallery › [dark] /la-bibliotheque/practice @ 375px (1.7s)
  ok 557 [mobile] › tests\e2e\t5-dark-mode-gallery.spec.ts:84:11 › t5 dark mode gallery › [light] /fr @ 1440px (2.0s)
  ok 558 [mobile] › tests\e2e\t5-dark-mode-gallery.spec.ts:94:11 › t5 dark mode gallery › [dark] /paywall @ 375px (2.3s)
  ok 559 [mobile] › tests\e2e\t5-dark-mode-gallery.spec.ts:94:11 › t5 dark mode gallery › [dark] /refund @ 1440px (2.4s)
  ok 560 [mobile] › tests\e2e\t5-dark-mode-gallery.spec.ts:94:11 › t5 dark mode gallery › [dark] /l-examen/diagnostic/results @ 375px (2.3s)
  ok 561 [mobile] › tests\e2e\t5-dark-mode-gallery.spec.ts:84:11 › t5 dark mode gallery › [light] /la-bibliotheque/test @ 1440px (2.0s)
  ok 563 [mobile] › tests\e2e\t5-dark-mode-gallery.spec.ts:84:11 › t5 dark mode gallery › [light] /onboarding @ 1440px (1.6s)
     state=complete http=200 errors=1
  → /profile
  ok 564 [mobile] › tests\e2e\t5-dark-mode-gallery.spec.ts:84:11 › t5 dark mode gallery › [light] /refund @ 375px (1.8s)
  ok 562 [mobile] › tests\e2e\t5-dark-mode-gallery.spec.ts:94:11 › t5 dark mode gallery › [dark] /fr @ 1440px (3.2s)
  ok 565 [mobile] › tests\e2e\t5-dark-mode-gallery.spec.ts:84:11 › t5 dark mode gallery › [light] /l-examen/diagnostic/tache/1 @ 1440px (2.2s)
  ok 566 [mobile] › tests\e2e\t5-dark-mode-gallery.spec.ts:94:11 › t5 dark mode gallery › [dark] /la-bibliotheque/test @ 1440px (2.3s)
  ok 567 [mobile] › tests\e2e\t5-dark-mode-gallery.spec.ts:94:11 › t5 dark mode gallery › [dark] /onboarding @ 1440px (2.1s)
  ok 568 [mobile] › tests\e2e\t5-dark-mode-gallery.spec.ts:94:11 › t5 dark mode gallery › [dark] /refund @ 375px (2.4s)
  ok 569 [mobile] › tests\e2e\t5-dark-mode-gallery.spec.ts:84:11 › t5 dark mode gallery › [light] /fr @ 375px (2.1s)
  ok 572 [mobile] › tests\e2e\t5-dark-mode-gallery.spec.ts:84:11 › t5 dark mode gallery › [light] /onboarding @ 375px (1.6s)
  ok 571 [mobile] › tests\e2e\t5-dark-mode-gallery.spec.ts:84:11 › t5 dark mode gallery › [light] /la-bibliotheque/test @ 375px (1.9s)
  ok 570 [mobile] › tests\e2e\t5-dark-mode-gallery.spec.ts:94:11 › t5 dark mode gallery › [dark] /l-examen/diagnostic/tache/1 @ 1440px (2.3s)
     state=partial http=200 errors=1
  → /progress
  ok 575 [mobile] › tests\e2e\t5-dark-mode-gallery.spec.ts:94:11 › t5 dark mode gallery › [dark] /onboarding @ 375px (1.8s)
  ok 577 [mobile] › tests\e2e\t5-dark-mode-gallery.spec.ts:84:11 › t5 dark mode gallery › [light] /l-examen/diagnostic/tache/1 @ 375px (1.8s)
  ok 574 [mobile] › tests\e2e\t5-dark-mode-gallery.spec.ts:94:11 › t5 dark mode gallery › [dark] /fr @ 375px (2.2s)
  ok 573 [mobile] › tests\e2e\t5-dark-mode-gallery.spec.ts:84:11 › t5 dark mode gallery › [light] /dashboard @ 1440px (2.4s)
  ok 576 [mobile] › tests\e2e\t5-dark-mode-gallery.spec.ts:94:11 › t5 dark mode gallery › [dark] /la-bibliotheque/test @ 375px (2.0s)
  ok 578 [mobile] › tests\e2e\t5-dark-mode-gallery.spec.ts:84:11 › t5 dark mode gallery › [light] /method @ 1440px (1.1s)
     state=partial http=200 errors=1
  → /refund
  ok 579 [mobile] › tests\e2e\t5-dark-mode-gallery.spec.ts:94:11 › t5 dark mode gallery › [dark] /l-examen/diagnostic/tache/1 @ 375px (2.2s)
  ok 580 [mobile] › tests\e2e\t5-dark-mode-gallery.spec.ts:84:11 › t5 dark mode gallery › [light] /fr/library @ 1440px (2.3s)
  ok 582 [mobile] › tests\e2e\t5-dark-mode-gallery.spec.ts:84:11 › t5 dark mode gallery › [light] /l-examen/expression-orale @ 1440px (2.5s)
  ok 581 [mobile] › tests\e2e\t5-dark-mode-gallery.spec.ts:94:11 › t5 dark mode gallery › [dark] /dashboard @ 1440px (2.6s)
  ok 583 [mobile] › tests\e2e\t5-dark-mode-gallery.spec.ts:94:11 › t5 dark mode gallery › [dark] /method @ 1440px (2.3s)
  ok 584 [mobile] › tests\e2e\t5-dark-mode-gallery.spec.ts:84:11 › t5 dark mode gallery › [light] /l-examen/diagnostic/tache/2 @ 1440px (2.2s)
  ok 585 [mobile] › tests\e2e\t5-dark-mode-gallery.spec.ts:94:11 › t5 dark mode gallery › [dark] /fr/library @ 1440px (2.1s)
  ok 587 [mobile] › tests\e2e\t5-dark-mode-gallery.spec.ts:84:11 › t5 dark mode gallery › [light] /dashboard @ 375px (2.0s)
  ok 586 [mobile] › tests\e2e\t5-dark-mode-gallery.spec.ts:94:11 › t5 dark mode gallery › [dark] /l-examen/expression-orale @ 1440px (2.2s)
  ok 588 [mobile] › tests\e2e\t5-dark-mode-gallery.spec.ts:84:11 › t5 dark mode gallery › [light] /method @ 375px (1.6s)
     state=complete http=200 errors=1
  → /signup
  ok 590 [mobile] › tests\e2e\t5-dark-mode-gallery.spec.ts:84:11 › t5 dark mode gallery › [light] /fr/library @ 375px (1.3s)
  ok 593 [mobile] › tests\e2e\t5-dark-mode-gallery.spec.ts:94:11 › t5 dark mode gallery › [dark] /method @ 375px (1.2s)
  ok 591 [mobile] › tests\e2e\t5-dark-mode-gallery.spec.ts:94:11 › t5 dark mode gallery › [dark] /dashboard @ 375px (1.6s)
  ok 589 [mobile] › tests\e2e\t5-dark-mode-gallery.spec.ts:94:11 › t5 dark mode gallery › [dark] /l-examen/diagnostic/tache/2 @ 1440px (1.9s)
  ok 592 [mobile] › tests\e2e\t5-dark-mode-gallery.spec.ts:84:11 › t5 dark mode gallery › [light] /l-examen/expression-orale @ 375px (1.6s)
  ok 594 [mobile] › tests\e2e\t5-dark-mode-gallery.spec.ts:94:11 › t5 dark mode gallery › [dark] /fr/library @ 375px (1.3s)
  ok 596 [mobile] › tests\e2e\t5-dark-mode-gallery.spec.ts:84:11 › t5 dark mode gallery › [light] /la-methode @ 1440px (1.3s)
  ok 597 [mobile] › tests\e2e\t5-dark-mode-gallery.spec.ts:84:11 › t5 dark mode gallery › [light] /l-examen/diagnostic/tache/2 @ 375px (1.5s)
  ok 595 [mobile] › tests\e2e\t5-dark-mode-gallery.spec.ts:84:11 › t5 dark mode gallery › [light] /mentions-legales @ 1440px (2.2s)
  ok 598 [mobile] › tests\e2e\t5-dark-mode-gallery.spec.ts:94:11 › t5 dark mode gallery › [dark] /l-examen/expression-orale @ 375px (1.9s)
     state=complete http=200 errors=1
  → /terms
  ok 599 [mobile] › tests\e2e\t5-dark-mode-gallery.spec.ts:84:11 › t5 dark mode gallery › [light] /library @ 1440px (1.5s)
  ok 600 [mobile] › tests\e2e\t5-dark-mode-gallery.spec.ts:94:11 › t5 dark mode gallery › [dark] /la-methode @ 1440px (1.7s)
  ok 601 [mobile] › tests\e2e\t5-dark-mode-gallery.spec.ts:94:11 › t5 dark mode gallery › [dark] /l-examen/diagnostic/tache/2 @ 375px (1.6s)
  ok 603 [mobile] › tests\e2e\t5-dark-mode-gallery.spec.ts:84:11 › t5 dark mode gallery › [light] /l-examen/expression-orale/tache-1 @ 1440px (1.3s)
  ok 604 [mobile] › tests\e2e\t5-dark-mode-gallery.spec.ts:94:11 › t5 dark mode gallery › [dark] /library @ 1440px (1.7s)
  ok 602 [mobile] › tests\e2e\t5-dark-mode-gallery.spec.ts:94:11 › t5 dark mode gallery › [dark] /mentions-legales @ 1440px (2.1s)
  ok 605 [mobile] › tests\e2e\t5-dark-mode-gallery.spec.ts:84:11 › t5 dark mode gallery › [light] /la-methode @ 375px (1.3s)
  ok 606 [mobile] › tests\e2e\t5-dark-mode-gallery.spec.ts:84:11 › t5 dark mode gallery › [light] /l-examen/diagnostic/tache/3 @ 1440px (1.5s)
  ok 607 [mobile] › tests\e2e\t5-dark-mode-gallery.spec.ts:94:11 › t5 dark mode gallery › [dark] /l-examen/expression-orale/tache-1 @ 1440px (1.3s)
  ok 608 [mobile] › tests\e2e\t5-dark-mode-gallery.spec.ts:84:11 › t5 dark mode gallery › [light] /library @ 375px (1.1s)
  ok 609 [mobile] › tests\e2e\t5-dark-mode-gallery.spec.ts:84:11 › t5 dark mode gallery › [light] /mentions-legales @ 375px (1.9s)
     state=complete http=200 errors=1
  → /verify-email
  ok 610 [mobile] › tests\e2e\t5-dark-mode-gallery.spec.ts:94:11 › t5 dark mode gallery › [dark] /la-methode @ 375px (1.8s)
  ok 612 [mobile] › tests\e2e\t5-dark-mode-gallery.spec.ts:84:11 › t5 dark mode gallery › [light] /l-examen/expression-orale/tache-1 @ 375px (1.5s)
  ok 613 [mobile] › tests\e2e\t5-dark-mode-gallery.spec.ts:94:11 › t5 dark mode gallery › [dark] /library @ 375px (1.3s)
  ok 611 [mobile] › tests\e2e\t5-dark-mode-gallery.spec.ts:94:11 › t5 dark mode gallery › [dark] /l-examen/diagnostic/tache/3 @ 1440px (2.0s)
  ok 616 [mobile] › tests\e2e\t5-dark-mode-gallery.spec.ts:94:11 › t5 dark mode gallery › [dark] /l-examen/expression-orale/tache-1 @ 375px (1.4s)
  ok 614 [mobile] › tests\e2e\t5-dark-mode-gallery.spec.ts:94:11 › t5 dark mode gallery › [dark] /mentions-legales @ 375px (2.0s)
  ok 618 [mobile] › tests\e2e\t5-dark-mode-gallery.spec.ts:84:11 › t5 dark mode gallery › [light] /l-examen/diagnostic/tache/3 @ 375px (1.5s)
  ok 617 [mobile] › tests\e2e\t5-dark-mode-gallery.spec.ts:84:11 › t5 dark mode gallery › [light] /signup @ 1440px (1.7s)
  ok 615 [mobile] › tests\e2e\t5-dark-mode-gallery.spec.ts:84:11 › t5 dark mode gallery › [light] /la-methode/intro @ 1440px (2.6s)
     state=complete http=200 errors=1
  → /account
  ok 619 [mobile] › tests\e2e\t5-dark-mode-gallery.spec.ts:84:11 › t5 dark mode gallery › [light] /l-examen/expression-orale/tache-2 @ 1440px (1.8s)
  ok 622 [mobile] › tests\e2e\t5-dark-mode-gallery.spec.ts:94:11 › t5 dark mode gallery › [dark] /signup @ 1440px (1.5s)
  ok 621 [mobile] › tests\e2e\t5-dark-mode-gallery.spec.ts:94:11 › t5 dark mode gallery › [dark] /l-examen/diagnostic/tache/3 @ 375px (1.6s)
  ok 620 [mobile] › tests\e2e\t5-dark-mode-gallery.spec.ts:84:11 › t5 dark mode gallery › [light] /confidentialite @ 1440px (1.9s)
  ok 623 [mobile] › tests\e2e\t5-dark-mode-gallery.spec.ts:94:11 › t5 dark mode gallery › [dark] /la-methode/intro @ 1440px (3.0s)
  ok 624 [mobile] › tests\e2e\t5-dark-mode-gallery.spec.ts:94:11 › t5 dark mode gallery › [dark] /l-examen/expression-orale/tache-2 @ 1440px (2.1s)
  ok 625 [mobile] › tests\e2e\t5-dark-mode-gallery.spec.ts:84:11 › t5 dark mode gallery › [light] /signup @ 375px (2.0s)
  ok 626 [mobile] › tests\e2e\t5-dark-mode-gallery.spec.ts:84:11 › t5 dark mode gallery › [light] /la-bibliotheque @ 1440px (2.0s)
     state=complete http=200 errors=1
  → /dashboard
  ok 627 [mobile] › tests\e2e\t5-dark-mode-gallery.spec.ts:94:11 › t5 dark mode gallery › [dark] /confidentialite @ 1440px (2.6s)
  ok 630 [mobile] › tests\e2e\t5-dark-mode-gallery.spec.ts:94:11 › t5 dark mode gallery › [dark] /signup @ 375px (1.2s)
  ok 629 [mobile] › tests\e2e\t5-dark-mode-gallery.spec.ts:84:11 › t5 dark mode gallery › [light] /l-examen/expression-orale/tache-2 @ 375px (1.3s)
  ok 628 [mobile] › tests\e2e\t5-dark-mode-gallery.spec.ts:84:11 › t5 dark mode gallery › [light] /la-methode/intro @ 375px (1.4s)
  ok 631 [mobile] › tests\e2e\t5-dark-mode-gallery.spec.ts:94:11 › t5 dark mode gallery › [dark] /la-bibliotheque @ 1440px (1.5s)
     state=complete http=200 errors=1
  → /l-examen
  ok 633 [mobile] › tests\e2e\t5-dark-mode-gallery.spec.ts:84:11 › t5 dark mode gallery › [light] /login @ 1440px (1.0s)
  ok 632 [mobile] › tests\e2e\t5-dark-mode-gallery.spec.ts:84:11 › t5 dark mode gallery › [light] /confidentialite @ 375px (1.3s)
  ok 634 [mobile] › tests\e2e\t5-dark-mode-gallery.spec.ts:94:11 › t5 dark mode gallery › [dark] /l-examen/expression-orale/tache-2 @ 375px (1.1s)
  ok 636 [mobile] › tests\e2e\t5-dark-mode-gallery.spec.ts:84:11 › t5 dark mode gallery › [light] /la-bibliotheque @ 375px (750ms)
  ok 635 [mobile] › tests\e2e\t5-dark-mode-gallery.spec.ts:94:11 › t5 dark mode gallery › [dark] /la-methode/intro @ 375px (1.2s)
  ok 637 [mobile] › tests\e2e\t5-dark-mode-gallery.spec.ts:94:11 › t5 dark mode gallery › [dark] /login @ 1440px (909ms)
  ok 638 [mobile] › tests\e2e\t5-dark-mode-gallery.spec.ts:94:11 › t5 dark mode gallery › [dark] /confidentialite @ 375px (1.2s)
  ok 640 [mobile] › tests\e2e\t5-dark-mode-gallery.spec.ts:94:11 › t5 dark mode gallery › [dark] /la-bibliotheque @ 375px (1.1s)
  ok 639 [mobile] › tests\e2e\t5-dark-mode-gallery.spec.ts:84:11 › t5 dark mode gallery › [light] /l-examen/expression-ecrite @ 1440px (1.2s)
     state=complete http=200 errors=1
  → /l-examen/diagnostic/results
  ok 641 [mobile] › tests\e2e\t5-dark-mode-gallery.spec.ts:84:11 › t5 dark mode gallery › [light] /l-examen @ 1440px (1.3s)
  ok 642 [mobile] › tests\e2e\t5-dark-mode-gallery.spec.ts:84:11 › t5 dark mode gallery › [light] /l-examen/expression-ecrite @ 375px (871ms)
  ok 643 [mobile] › tests\e2e\touch-targets.spec.ts:25:7 › touch targets ≥44×44px on / (mobile 375px) (788ms)
  ok 644 [mobile] › tests\e2e\touch-targets.spec.ts:25:7 › touch targets ≥44×44px on /dashboard (mobile 375px) (793ms)
  ok 645 [mobile] › tests\e2e\t5-dark-mode-gallery.spec.ts:94:11 › t5 dark mode gallery › [dark] /l-examen/expression-ecrite @ 1440px (1.2s)
  ok 646 [mobile] › tests\e2e\t5-dark-mode-gallery.spec.ts:94:11 › t5 dark mode gallery › [dark] /l-examen @ 1440px (1.1s)
  ok 647 [mobile] › tests\e2e\t5-dark-mode-gallery.spec.ts:94:11 › t5 dark mode gallery › [dark] /l-examen/expression-ecrite @ 375px (918ms)
  ok 648 [mobile] › tests\e2e\touch-targets.spec.ts:25:7 › touch targets ≥44×44px on /l-examen/diagnostic/results (mobile 375px) (1.1s)
  ok 649 [mobile] › tests\e2e\touch-targets.spec.ts:25:7 › touch targets ≥44×44px on /l-examen/diagnostic/tache/1 (mobile 375px) (1.1s)
  ok 650 [mobile] › tests\e2e\touch-targets.spec.ts:25:7 › touch targets ≥44×44px on /la-methode (mobile 375px) (877ms)
     state=partial http=200 errors=1
  → /la-methode
  ok 651 [mobile] › tests\e2e\touch-targets.spec.ts:25:7 › touch targets ≥44×44px on /la-methode/lecon-1 (mobile 375px) (847ms)
  ok 653 [mobile] › tests\e2e\touch-targets.spec.ts:25:7 › touch targets ≥44×44px on /la-bibliotheque (mobile 375px) (654ms)
  ok 654 [mobile] › tests\e2e\touch-targets.spec.ts:25:7 › touch targets ≥44×44px on /la-bibliotheque/practice (mobile 375px) (661ms)
  ok 652 [mobile] › tests\e2e\t5-dark-mode-gallery.spec.ts:84:11 › t5 dark mode gallery › [light] /l-examen/expression-ecrite/history @ 1440px (1.1s)
  ok 655 [mobile] › tests\e2e\touch-targets.spec.ts:25:7 › touch targets ≥44×44px on /paywall (mobile 375px) (1.1s)
  ok 656 [mobile] › tests\e2e\vocabulaire-browse.spec.ts:69:7 › Le Vocabulaire browse — desktop (1280×800) › renders page header inside the (app) shell with filter bar and 60 chunks (1.2s)
  ok 657 [mobile] › tests\e2e\vocabulaire-browse.spec.ts:80:7 › Le Vocabulaire browse — desktop (1280×800) › shows La Bibliothèque as active in the sidebar (905ms)
  ok 658 [mobile] › tests\e2e\vocabulaire-browse.spec.ts:88:7 › Le Vocabulaire browse — desktop (1280×800) › count badge shows "60 chunks" (1.2s)
     state=complete http=200 errors=1
  → /la-bibliotheque
  ok 659 [mobile] › tests\e2e\t5-dark-mode-gallery.spec.ts:94:11 › t5 dark mode gallery › [dark] /l-examen/expression-ecrite/history @ 1440px (1.3s)
  ok 662 [mobile] › tests\e2e\vocabulaire-browse.spec.ts:114:7 › Le Vocabulaire browse — desktop (1280×800) › search "tomber" filters to chunks containing tomber (case-insensitive) (1.1s)
  ok 661 [mobile] › tests\e2e\vocabulaire-browse.spec.ts:103:7 › Le Vocabulaire browse — desktop (1280×800) › selecting source "Média" filters to Média rows only (1.6s)
  ok 664 [mobile] › tests\e2e\t5-dark-mode-gallery.spec.ts:84:11 › t5 dark mode gallery › [light] /l-examen/expression-ecrite/history @ 375px (1.5s)
  ok 663 [mobile] › tests\e2e\vocabulaire-browse.spec.ts:129:7 › Le Vocabulaire browse — desktop (1280×800) › empty filter combination shows empty state + reset button (2.3s)
  ok 660 [mobile] › tests\e2e\vocabulaire-browse.spec.ts:93:7 › Le Vocabulaire browse — desktop (1280×800) › deselecting A1 chip filters out A1 rows (2.9s)
     state=complete http=200 errors=1
  → /la-bibliotheque/practice
  ok 665 [mobile] › tests\e2e\vocabulaire-browse.spec.ts:144:7 › Le Vocabulaire browse — desktop (1280×800) › clicking save icon toggles data-saved attribute (2.3s)
  ok 666 [mobile] › tests\e2e\vocabulaire-browse.spec.ts:154:7 › Le Vocabulaire browse — desktop (1280×800) › each ChunkRow has ed-card-lift class (1.9s)
  ok 667 [mobile] › tests\e2e\t5-dark-mode-gallery.spec.ts:94:11 › t5 dark mode gallery › [dark] /l-examen/expression-ecrite/history @ 375px (1.5s)
  ok 669 [mobile] › tests\e2e\vocabulaire-browse.spec.ts:173:7 › Le Vocabulaire browse — mobile (375×667) › no horizontal overflow on /la-bibliotheque (1.2s)
  ok 668 [mobile] › tests\e2e\vocabulaire-browse.spec.ts:164:7 › Le Vocabulaire browse — mobile (375×667) › filter bar collapses behind a "Filtres" button on mobile (1.6s)
  ok 670 [mobile] › tests\e2e\vocabulaire-browse.spec.ts:180:7 › Le Vocabulaire browse — mobile (375×667) › all 60 chunk rows render on mobile (scrollable) (967ms)
  ok 671 [mobile] › tests\e2e\vocabulaire-practice.spec.ts:12:7 › Le Vocabulaire practice — desktop (1280×800) › renders inside (app) shell with header, first card, progress, and action row (1.0s)
  ok 672 [mobile] › tests\e2e\t5-dark-mode-gallery.spec.ts:84:11 › t5 dark mode gallery › [light] /progress @ 1440px (1.4s)
     state=complete http=200 errors=1
  → /la-bibliotheque/test
  ok 673 [mobile] › tests\e2e\vocabulaire-practice.spec.ts:28:7 › Le Vocabulaire practice — desktop (1280×800) › shows La Bibliothèque as active in the sidebar from /la-bibliotheque/practice (1.1s)
  ok 674 [mobile] › tests\e2e\vocabulaire-practice.spec.ts:48:7 › Le Vocabulaire practice — desktop (1280×800) › spacebar flips the card when it has focus (992ms)
  ok 676 [mobile] › tests\e2e\vocabulaire-practice.spec.ts:57:7 › Le Vocabulaire practice — desktop (1280×800) › clicking Suivant advances to card 2 (1.2s)
  ok 675 [mobile] › tests\e2e\vocabulaire-practice.spec.ts:38:7 › Le Vocabulaire practice — desktop (1280×800) › clicking the card flips it; clicking again flips it back (1.8s)
  ok 677 [mobile] › tests\e2e\t5-dark-mode-gallery.spec.ts:94:11 › t5 dark mode gallery › [dark] /progress @ 1440px (1.7s)
  ok 679 [mobile] › tests\e2e\vocabulaire-practice.spec.ts:84:7 › Le Vocabulaire practice — desktop (1280×800) › clicking "Pratiquer" CTA from /la-bibliotheque lands on /la-bibliotheque/practice (1.8s)
     state=complete http=200 errors=1
  → /fr
  ok 681 [mobile] › tests\e2e\vocabulaire-practice.spec.ts:100:7 › Le Vocabulaire practice — desktop (1280×800) › card flip applies rotateY transform (1.7s)
  ok 680 [mobile] › tests\e2e\vocabulaire-practice.spec.ts:93:7 › Le Vocabulaire practice — desktop (1280×800) › back-to-list link from header navigates to /la-bibliotheque (2.3s)
  ok 683 [mobile] › tests\e2e\vocabulaire-practice.spec.ts:108:7 › Le Vocabulaire practice — desktop (1280×800) › À revoir and Connu action buttons are visible and have non-transparent backgrounds (1.5s)
  ok 682 [mobile] › tests\e2e\t5-dark-mode-gallery.spec.ts:84:11 › t5 dark mode gallery › [light] /progress @ 375px (2.0s)
  ok 684 [mobile] › tests\e2e\vocabulaire-practice.spec.ts:123:7 › Le Vocabulaire practice — mobile (375×667) › renders the practice surface single-column without horizontal overflow (1.2s)
  ok 685 [mobile] › tests\e2e\vocabulaire-practice.spec.ts:134:7 › Le Vocabulaire practice — mobile (375×667) › each of the 3 action buttons has a tap target ≥ 44×44px on mobile (1.4s)
  ok 686 [mobile] › tests\e2e\vocabulaire-practice.spec.ts:149:7 › Le Vocabulaire practice — mobile (375×667) › flashcard is full-width on mobile (985ms)
  ok 687 [mobile] › tests\e2e\t5-dark-mode-gallery.spec.ts:94:11 › t5 dark mode gallery › [dark] /progress @ 375px (1.3s)
     state=complete http=200 errors=1
  → /fr/library
  ok 689 [mobile] › tests\e2e\vocabulaire-test.spec.ts:28:7 › Le Vocabulaire test — desktop (1280×800) › shows La Bibliothèque as active in the sidebar from /la-bibliotheque/test (907ms)
  ok 688 [mobile] › tests\e2e\vocabulaire-test.spec.ts:12:7 › Le Vocabulaire test — desktop (1280×800) › renders inside the (app) shell with header, question 1, 4 choices, disabled Submit (1.3s)
  ok 690 [mobile] › tests\e2e\vocabulaire-test.spec.ts:36:7 › Le Vocabulaire test — desktop (1280×800) › selecting a choice enables Submit; clicking Submit reveals feedback and Question suivante (1.6s)
  ok 691 [mobile] › tests\e2e\t5-dark-mode-gallery.spec.ts:84:11 › t5 dark mode gallery › [light] /more @ 1440px (1.4s)
  ok 678 [mobile] › tests\e2e\vocabulaire-practice.spec.ts:64:7 › Le Vocabulaire practice — desktop (1280×800) › advancing through all 60 cards shows the end-of-deck panel; Recommencer resets to card 1 (6.5s)
  ok 693 [mobile] › tests\e2e\vocabulaire-test.spec.ts:75:7 › Le Vocabulaire test — desktop (1280×800) › clicking "Tester" CTA from /la-bibliotheque lands on /la-bibliotheque/test (1.6s)
  ok 695 [mobile] › tests\e2e\t5-dark-mode-gallery.spec.ts:94:11 › t5 dark mode gallery › [dark] /more @ 1440px (1.4s)
     state=complete http=200 errors=1
  → /la-methode/intro
  ok 696 [mobile] › tests\e2e\vocabulaire-test.spec.ts:89:7 › Le Vocabulaire test — desktop (1280×800) › Question suivante appears after Submit (Playwright auto-waits) (1.7s)
  ok 694 [mobile] › tests\e2e\vocabulaire-test.spec.ts:82:7 › Le Vocabulaire test — desktop (1280×800) › back-to-list link from header navigates to /la-bibliotheque (2.3s)
  ok 697 [mobile] › tests\e2e\vocabulaire-test.spec.ts:96:7 › Le Vocabulaire test — desktop (1280×800) › correct choice has class quiz-choice-correct after Submit (1.7s)
  ok 698 [mobile] › tests\e2e\t5-dark-mode-gallery.spec.ts:84:11 › t5 dark mode gallery › [light] /more @ 375px (1.2s)
  ok 700 [mobile] › tests\e2e\vocabulaire-test.spec.ts:119:7 › Le Vocabulaire test — mobile (375×667) › renders the quiz single-column without horizontal overflow (918ms)
     state=complete http=200 errors=1
  → /onboarding
  ok 701 [mobile] › tests\e2e\vocabulaire-test.spec.ts:130:7 › Le Vocabulaire test — mobile (375×667) › each choice card has a tap target ≥ 44×44px on mobile (1.1s)
  ok 702 [mobile] › tests\e2e\t5-dark-mode-gallery.spec.ts:94:11 › t5 dark mode gallery › [dark] /more @ 375px (1.1s)
     state=complete http=200 errors=1
  → /onboarding/waitlist
  ok 703 [mobile] › tests\e2e\t5-dark-mode-gallery.spec.ts:84:11 › t5 dark mode gallery › [light] /account @ 1440px (1.3s)
  ok 704 [mobile] › tests\e2e\t5-dark-mode-gallery.spec.ts:94:11 › t5 dark mode gallery › [dark] /account @ 1440px (1.3s)
  ok 692 [mobile] › tests\e2e\vocabulaire-test.spec.ts:49:7 › Le Vocabulaire test — desktop (1280×800) › navigating through all 10 questions reaches the results panel; Recommencer returns to Q1 (7.6s)
     state=complete http=200 errors=1
  → /l-examen/expression-orale
  ok 705 [reduced-motion] › tests\e2e\reduced-motion.spec.ts:32:7 › reduced-motion: no horizontal overflow on / (1.1s)
  ok 707 [mobile] › tests\e2e\t5-dark-mode-gallery.spec.ts:84:11 › t5 dark mode gallery › [light] /account @ 375px (1.2s)
  ok 706 [reduced-motion] › tests\e2e\reduced-motion.spec.ts:32:7 › reduced-motion: no horizontal overflow on /l-examen/diagnostic/results (858ms)
     state=partial http=200 errors=1
  → /l-examen/expression-orale/tache-1
  ok 708 [reduced-motion] › tests\e2e\reduced-motion.spec.ts:32:7 › reduced-motion: no horizontal overflow on /dashboard (681ms)
  ok 710 [reduced-motion] › tests\e2e\reduced-motion.spec.ts:32:7 › reduced-motion: no horizontal overflow on /l-examen/diagnostic/tache/1 (719ms)
  ok 699 [mobile] › tests\e2e\vocabulaire-test.spec.ts:105:7 › Le Vocabulaire test — desktop (1280×800) › quiz results show flavor copy text (7.0s)
  ok 709 [mobile] › tests\e2e\t5-dark-mode-gallery.spec.ts:94:11 › t5 dark mode gallery › [dark] /account @ 375px (1.1s)
  ok 711 [reduced-motion] › tests\e2e\reduced-motion.spec.ts:32:7 › reduced-motion: no horizontal overflow on /la-bibliotheque (576ms)
  ok 712 [reduced-motion] › tests\e2e\reduced-motion.spec.ts:32:7 › reduced-motion: no horizontal overflow on /paywall (586ms)
     state=partial http=200 errors=1
  → /l-examen/expression-orale/tache-2
  ok 713 [reduced-motion] › tests\e2e\reduced-motion.spec.ts:32:7 › reduced-motion: no horizontal overflow on /la-bibliotheque/practice (615ms)
  ok 715 [reduced-motion] › tests\e2e\reduced-motion.spec.ts:43:5 › reduced-motion: results-score-block animation is suppressed on /l-examen/diagnostic/results (912ms)
  ok 714 [reduced-motion] › tests\e2e\reduced-motion.spec.ts:32:7 › reduced-motion: no horizontal overflow on /la-methode (743ms)
  ok 716 [reduced-motion] › tests\e2e\reduced-motion.spec.ts:32:7 › reduced-motion: no horizontal overflow on /la-methode/lecon-1 (367ms)
     state=complete http=200 errors=1
  → /l-examen/expression-ecrite
  ok 717 [reduced-motion] › tests\e2e\reduced-motion.spec.ts:57:5 › reduced-motion: ed-hero-rise elements have no animation on / (616ms)
     state=complete http=200 errors=2
  → /l-examen/expression-ecrite/history
  ok 718 [reduced-motion] › tests\e2e\reduced-motion.spec.ts:73:5 › reduced-motion: CSS transitions are instant on score block (639ms)
     state=complete http=200 errors=2
  → /legal/privacy
     state=complete http=200 errors=1
  → /legal/tos
     state=complete http=200 errors=1
  → /cluster/test-slug
     state=complete http=200 errors=1
  → /learn/test-module
     state=complete http=200 errors=1
  → /l-examen/diagnostic/tache/1
     state=complete http=200 errors=2
  → /la-methode/test-lesson
     state=404 http=404 errors=2
  → /la-methode/lesson/test-id
     state=complete http=200 errors=1
  → /la-methode/lesson/test-id/quiz
     state=complete http=200 errors=1
  → /l-examen/expression-orale/tache-1/test-topic
     state=complete http=200 errors=2
  → /l-examen/expression-orale/tache-2/test-scenario
     state=complete http=200 errors=1
  → /l-examen/expression-orale/tache-3/test-topic
     state=complete http=200 errors=1
  → /l-examen/expression-orale/feedback/test-session
     state=complete http=200 errors=1
  → /la-bibliotheque/test-slug
     state=complete http=200 errors=1
  → /la-bibliotheque/test-slug/practice
     state=complete http=200 errors=1
  → /la-bibliotheque/test-slug/test
     state=complete http=200 errors=1
  → /l-examen/expression-ecrite/test-prompt
     state=complete http=200 errors=1

=== M0 Audit Summary ===
Total routes: 48
Placeholder:  0
Console errs: 48
Legacy names: 1
Broken:       1
Audit written to docs/m0-fe-audit-2026-05-25.md
  ok 504 [mobile] › tests\e2e\m0-audit.spec.ts:328:5 › M0 FE route audit (1.6m)


  1) [desktop] › tests\e2e\landing-hero.spec.ts:30:7 › Landing hero — desktop (1280×800) › header gains solid background after scrolling 80px 

    Error: [2mexpect([22m[31mlocator[39m[2m).[22mtoHaveClass[2m([22m[32mexpected[39m[2m)[22m failed

    Locator: getByTestId('sticky-header')
    Expected pattern: [32m/sticky-header--scrolled/[39m
    Received string:  [31m""[39m
    Timeout: 5000ms

    Call log:
    [2m  - Expect "toHaveClass" with timeout 5000ms[22m
    [2m  - waiting for getByTestId('sticky-header')[22m
    [2m    13 × locator resolved to <header class="" data-testid="sticky-header">…</header>[22m
    [2m       - unexpected value ""[22m


      39 |     })
      40 |     // toHaveClass auto-retries up to 5 s — no explicit sleep needed
    > 41 |     await expect(header).toHaveClass(/sticky-header--scrolled/, { timeout: 5000 })
         |                          ^
      42 |   })
      43 | })
      44 |
        at C:\Users\pc\Downloads\fluentpath-frontend\tests\e2e\landing-hero.spec.ts:41:26

    Error Context: test-results\landing-hero-Landing-hero--5a584-ground-after-scrolling-80px-desktop\error-context.md

  1 failed
    [desktop] › tests\e2e\landing-hero.spec.ts:30:7 › Landing hero — desktop (1280×800) › header gains solid background after scrolling 80px 
  3 skipped
  714 passed (4.1m)
 ELIFECYCLE  Command failed with exit code 1.
